/Users/pranayo/UBCFomulaElectric/Consolidated-Firmware/firmware/shared/src/hw/hw_can.c:35:6:hw_can_init	56	static
/Users/pranayo/UBCFomulaElectric/Consolidated-Firmware/firmware/shared/src/hw/hw_can.c:64:6:hw_can_deinit	8	static
/Users/pranayo/UBCFomulaElectric/Consolidated-Firmware/firmware/shared/src/hw/hw_can.c:70:6:hw_can_transmit	48	static
/Users/pranayo/UBCFomulaElectric/Consolidated-Firmware/firmware/shared/src/hw/hw_can.c:103:6:hw_can_receive	48	static
/Users/pranayo/UBCFomulaElectric/Consolidated-Firmware/build_fw_dev/_deps/stm32cubef4-src/Drivers/STM32F4xx_HAL_Driver/Inc/stm32f4xx_hal_can.h:723:6:HAL_CAN_RxFifo0MsgPendingCallback	32	static
/Users/pranayo/UBCFomulaElectric/Consolidated-Firmware/build_fw_dev/_deps/stm32cubef4-src/Drivers/STM32F4xx_HAL_Driver/Inc/stm32f4xx_hal_can.h:725:6:HAL_CAN_RxFifo1MsgPendingCallback	32	static
