Archive member included to satisfy reference by file (symbol)

/usr/local/bin/../lib/gcc/arm-none-eabi/10.3.1/../../../../arm-none-eabi/lib/thumb/v7e-m+fp/hard/libc.a(lib_a-exit.o)
                              /usr/local/bin/../lib/gcc/arm-none-eabi/10.3.1/../../../../arm-none-eabi/lib/thumb/v7e-m+fp/hard/crt0.o (exit)
/usr/local/bin/../lib/gcc/arm-none-eabi/10.3.1/../../../../arm-none-eabi/lib/thumb/v7e-m+fp/hard/libc.a(lib_a-impure.o)
                              /usr/local/bin/../lib/gcc/arm-none-eabi/10.3.1/../../../../arm-none-eabi/lib/thumb/v7e-m+fp/hard/libc.a(lib_a-exit.o) (_global_impure_ptr)
/usr/local/bin/../lib/gcc/arm-none-eabi/10.3.1/../../../../arm-none-eabi/lib/thumb/v7e-m+fp/hard/libc.a(lib_a-init.o)
                              /usr/local/bin/../lib/gcc/arm-none-eabi/10.3.1/../../../../arm-none-eabi/lib/thumb/v7e-m+fp/hard/crt0.o (__libc_init_array)
/usr/local/bin/../lib/gcc/arm-none-eabi/10.3.1/../../../../arm-none-eabi/lib/thumb/v7e-m+fp/hard/libc.a(lib_a-memset.o)
                              /usr/local/bin/../lib/gcc/arm-none-eabi/10.3.1/../../../../arm-none-eabi/lib/thumb/v7e-m+fp/hard/crt0.o (memset)
/usr/local/bin/../lib/gcc/arm-none-eabi/10.3.1/../../../../arm-none-eabi/lib/thumb/v7e-m+fp/hard/libc.a(lib_a-__call_atexit.o)
                              /usr/local/bin/../lib/gcc/arm-none-eabi/10.3.1/../../../../arm-none-eabi/lib/thumb/v7e-m+fp/hard/libc.a(lib_a-exit.o) (__call_exitprocs)
/usr/local/bin/../lib/gcc/arm-none-eabi/10.3.1/../../../../arm-none-eabi/lib/thumb/v7e-m+fp/hard/libc.a(lib_a-atexit.o)
                              /usr/local/bin/../lib/gcc/arm-none-eabi/10.3.1/../../../../arm-none-eabi/lib/thumb/v7e-m+fp/hard/libc.a(lib_a-__call_atexit.o) (atexit)
/usr/local/bin/../lib/gcc/arm-none-eabi/10.3.1/../../../../arm-none-eabi/lib/thumb/v7e-m+fp/hard/libc.a(lib_a-fini.o)
                              /usr/local/bin/../lib/gcc/arm-none-eabi/10.3.1/../../../../arm-none-eabi/lib/thumb/v7e-m+fp/hard/libc.a(lib_a-__call_atexit.o) (__libc_fini_array)
/usr/local/bin/../lib/gcc/arm-none-eabi/10.3.1/../../../../arm-none-eabi/lib/thumb/v7e-m+fp/hard/libc.a(lib_a-lock.o)
                              /usr/local/bin/../lib/gcc/arm-none-eabi/10.3.1/../../../../arm-none-eabi/lib/thumb/v7e-m+fp/hard/libc.a(lib_a-__call_atexit.o) (__retarget_lock_acquire_recursive)
/usr/local/bin/../lib/gcc/arm-none-eabi/10.3.1/../../../../arm-none-eabi/lib/thumb/v7e-m+fp/hard/libc.a(lib_a-__atexit.o)
                              /usr/local/bin/../lib/gcc/arm-none-eabi/10.3.1/../../../../arm-none-eabi/lib/thumb/v7e-m+fp/hard/libc.a(lib_a-atexit.o) (__register_exitproc)
libquintuna_RSM_stm32cube.a(stm32f4xx_hal_cortex.c.obj)
                              CMakeFiles/quintuna_RSM_app.elf.dir/src/cubemx/Src/stm32f4xx_hal_msp.c.obj (HAL_NVIC_SetPriority)
libquintuna_RSM_stm32cube.a(stm32f4xx_hal_rcc_ex.c.obj)
                              CMakeFiles/quintuna_RSM_app.elf.dir/src/cubemx/Src/main.c.obj (HAL_RCC_OscConfig)
libquintuna_RSM_stm32cube.a(stm32f4xx_hal_rcc.c.obj)
                              CMakeFiles/quintuna_RSM_app.elf.dir/src/cubemx/Src/main.c.obj (HAL_RCC_ClockConfig)
libquintuna_RSM_stm32cube.a(stm32f4xx_hal.c.obj)
                              libquintuna_RSM_stm32cube.a(stm32f4xx_hal_rcc_ex.c.obj) (uwTickPrio)
libquintuna_RSM_stm32cube.a(cmsis_os2.c.obj)
                              CMakeFiles/quintuna_RSM_app.elf.dir/src/cubemx/Src/main.c.obj (osKernelInitialize)
libquintuna_RSM_stm32cube.a(event_groups.c.obj)
                              libquintuna_RSM_stm32cube.a(cmsis_os2.c.obj) (xEventGroupCreateStatic)
libquintuna_RSM_stm32cube.a(list.c.obj)
                              libquintuna_RSM_stm32cube.a(event_groups.c.obj) (vListInitialise)
libquintuna_RSM_stm32cube.a(port.c.obj)
                              libquintuna_RSM_stm32cube.a(cmsis_os2.c.obj) (vPortEnterCritical)
libquintuna_RSM_stm32cube.a(queue.c.obj)
                              libquintuna_RSM_stm32cube.a(cmsis_os2.c.obj) (xQueueGenericReset)
libquintuna_RSM_stm32cube.a(tasks.c.obj)
                              libquintuna_RSM_stm32cube.a(port.c.obj) (pxCurrentTCB)
libquintuna_RSM_stm32cube.a(timers.c.obj)
                              libquintuna_RSM_stm32cube.a(tasks.c.obj) (xTimerCreateTimerTask)
libquintuna_RSM_stm32cube.a(startup_stm32f412rx.s.obj)
                              (Reset_Handler)
libquintuna_RSM_stm32cube.a(heap_useNewLib.c.obj)
                              libquintuna_RSM_stm32cube.a(cmsis_os2.c.obj) (pvPortMalloc)
libquintuna_RSM_stm32cube.a(stm32f4xx_hal_gpio.c.obj)
                              libquintuna_RSM_stm32cube.a(stm32f4xx_hal_rcc.c.obj) (HAL_GPIO_Init)
/usr/local/bin/../lib/gcc/arm-none-eabi/10.3.1/thumb/v7e-m+fp/hard/libgcc.a(_aeabi_uldivmod.o)
                              libquintuna_RSM_stm32cube.a(stm32f4xx_hal_rcc.c.obj) (__aeabi_uldivmod)
/usr/local/bin/../lib/gcc/arm-none-eabi/10.3.1/thumb/v7e-m+fp/hard/libgcc.a(_udivmoddi4.o)
[...]
Memory Configuration

Name             Origin             Length             Attributes
ram              0x0000000020000000 0x0000000000040000 xrw
boot_code        0x0000000008000000 0x0000000000020000 xr
app_metadata     0x0000000008020000 0x0000000000000400 xr
app_code         0x0000000008020400 0x00000000000dfc00 xr
*default*        0x0000000000000000 0xffffffffffffffff

Linker script and memory map

LOAD /usr/local/bin/../lib/gcc/arm-none-eabi/10.3.1/thumb/v7e-m+fp/hard/crti.o
LOAD /usr/local/bin/../lib/gcc/arm-none-eabi/10.3.1/thumb/v7e-m+fp/hard/crtbegin.o
LOAD /usr/local/bin/../lib/gcc/arm-none-eabi/10.3.1/../../../../arm-none-eabi/lib/thumb/v7e-m+fp/hard/crt0.o
                0x0000000008000000                __boot_code_start__ = ORIGIN (boot_code)
                0x0000000000020000                __boot_code_size__ = LENGTH (boot_code)
                0x0000000008020000                __app_metadata_start__ = ORIGIN (app_metadata)
                0x0000000000000400                __app_metadata_size__ = LENGTH (app_metadata)
                0x0000000008020400                __app_code_start__ = ORIGIN (app_code)
                0x00000000000dfc00                __app_code_size__ = LENGTH (app_code)
                0x0000000020040000                _estack = (ORIGIN (ram) + LENGTH (ram))
                0x0000000000000000                _Min_Heap_Size = 0x0
                0x0000000000000400                _Min_Stack_Size = 0x400

.isr_vector     0x0000000008020400      0x1c4
                0x0000000008020400                . = ALIGN (0x4)
 *(.isr_vector)
 .isr_vector    0x0000000008020400      0x1c4 libquintuna_RSM_stm32cube.a(startup_stm32f412rx.s.obj)
                0x0000000008020400                g_pfnVectors
                0x00000000080205c4                . = ALIGN (0x4)

.text           0x00000000080205d0     0x3ce0
                0x00000000080205d0                . = ALIGN (0x4)
 *(.text)
 .text          0x00000000080205d0       0x40 /usr/local/bin/../lib/gcc/arm-none-eabi/10.3.1/thumb/v7e-m+fp/hard/crtbegin.o
 .text          0x0000000008020610       0x30 /usr/local/bin/../lib/gcc/arm-none-eabi/10.3.1/thumb/v7e-m+fp/hard/libgcc.a(_aeabi_uldivmod.o)
                0x0000000008020610                __aeabi_uldivmod
 .text          0x0000000008020640      0x2d0 /usr/local/bin/../lib/gcc/arm-none-eabi/10.3.1/thumb/v7e-m+fp/hard/libgcc.a(_udivmoddi4.o)
                0x0000000008020640                __udivmoddi4
 .text          0x0000000008020910        0x4 /usr/local/bin/../lib/gcc/arm-none-eabi/10.3.1/thumb/v7e-m+fp/hard/libgcc.a(_dvmd_tls.o)
                0x0000000008020910                __aeabi_ldiv0
                0x0000000008020910                __aeabi_idiv0
 *(.text*)
 .text.__libc_init_array
                0x0000000008020914       0x48 /usr/local/bin/../lib/gcc/arm-none-eabi/10.3.1/../../../../arm-none-eabi/lib/thumb/v7e-m+fp/hard/libc.a(lib_a-init.o)
                0x0000000008020914                __libc_init_array
 .text.memset   0x000000000802095c       0xa4 /usr/local/bin/../lib/gcc/arm-none-eabi/10.3.1/../../../../arm-none-eabi/lib/thumb/v7e-m+fp/hard/libc.a(lib_a-memset.o)
                0x000000000802095c                memset
 .text.startup.register_fini
                0x0000000008020a00       0x14 /usr/local/bin/../lib/gcc/arm-none-eabi/10.3.1/../../../../arm-none-eabi/lib/thumb/v7e-m+fp/hard/libc.a(lib_a-__call_atexit.o)
 .text.atexit   0x0000000008020a14        0xc /usr/local/bin/../lib/gcc/arm-none-eabi/10.3.1/../../../../arm-none-eabi/lib/thumb/v7e-m+fp/hard/libc.a(lib_a-atexit.o)
                0x0000000008020a14                atexit
 .text.__libc_fini_array
                0x0000000008020a20       0x2c /usr/local/bin/../lib/gcc/arm-none-eabi/10.3.1/../../../../arm-none-eabi/lib/thumb/v7e-m+fp/hard/libc.a(lib_a-fini.o)
                0x0000000008020a20                __libc_fini_array
 .text.__retarget_lock_acquire_recursive
                0x0000000008020a4c        0x4 /usr/local/bin/../lib/gcc/arm-none-eabi/10.3.1/../../../../arm-none-eabi/lib/thumb/v7e-m+fp/hard/libc.a(lib_a-lock.o)
                0x0000000008020a4c                __retarget_lock_acquire_recursive
 .text.__retarget_lock_release_recursive
                0x0000000008020a50        0x4 /usr/local/bin/../lib/gcc/arm-none-eabi/10.3.1/../../../../arm-none-eabi/lib/thumb/v7e-m+fp/hard/libc.a(lib_a-lock.o)
                0x0000000008020a50                __retarget_lock_release_recursive
 .text.__register_exitproc
                0x0000000008020a54       0x8c /usr/local/bin/../lib/gcc/arm-none-eabi/10.3.1/../../../../arm-none-eabi/lib/thumb/v7e-m+fp/hard/libc.a(lib_a-__atexit.o)
                0x0000000008020a54                __register_exitproc
 .text.main     0x0000000008020ae0       0x34 CMakeFiles/quintuna_RSM_app.elf.dir/src/cubemx/Src/main.c.obj
                0x0000000008020ae0                main
 .text.SystemClock_Config
                0x0000000008020b14       0xbc CMakeFiles/quintuna_RSM_app.elf.dir/src/cubemx/Src/main.c.obj
                0x0000000008020b14                SystemClock_Config
 .text.StartDefaultTask
                0x0000000008020bd0       0x10 CMakeFiles/quintuna_RSM_app.elf.dir/src/cubemx/Src/main.c.obj
                0x0000000008020bd0                StartDefaultTask
 .text.Error_Handler
                0x0000000008020be0        0xa CMakeFiles/quintuna_RSM_app.elf.dir/src/cubemx/Src/main.c.obj
                0x0000000008020be0                Error_Handler
 *fill*         0x0000000008020bea        0x2 
 .text.HAL_MspInit
                0x0000000008020bec       0x58 CMakeFiles/quintuna_RSM_app.elf.dir/src/cubemx/Src/stm32f4xx_hal_msp.c.obj
                0x0000000008020bec                HAL_MspInit
 .text.NMI_Handler
                0x0000000008020c44        0x6 CMakeFiles/quintuna_RSM_app.elf.dir/src/cubemx/Src/stm32f4xx_it.c.obj
                0x0000000008020c44                NMI_Handler
 .text.HardFault_Handler
                0x0000000008020c4a        0x6 CMakeFiles/quintuna_RSM_app.elf.dir/src/cubemx/Src/stm32f4xx_it.c.obj
                0x0000000008020c4a                HardFault_Handler
 .text.MemManage_Handler
                0x0000000008020c50        0x6 CMakeFiles/quintuna_RSM_app.elf.dir/src/cubemx/Src/stm32f4xx_it.c.obj
                0x0000000008020c50                MemManage_Handler
 .text.BusFault_Handler
                0x0000000008020c56        0x6 CMakeFiles/quintuna_RSM_app.elf.dir/src/cubemx/Src/stm32f4xx_it.c.obj
                0x0000000008020c56                BusFault_Handler
 .text.UsageFault_Handler
                0x0000000008020c5c        0x6 CMakeFiles/quintuna_RSM_app.elf.dir/src/cubemx/Src/stm32f4xx_it.c.obj
                0x0000000008020c5c                UsageFault_Handler
 .text.DebugMon_Handler
                0x0000000008020c62        0xe CMakeFiles/quintuna_RSM_app.elf.dir/src/cubemx/Src/stm32f4xx_it.c.obj
                0x0000000008020c62                DebugMon_Handler
 .text.SysTick_Handler
                0x0000000008020c70       0x1a CMakeFiles/quintuna_RSM_app.elf.dir/src/cubemx/Src/stm32f4xx_it.c.obj
                0x0000000008020c70                SysTick_Handler
 *fill*         0x0000000008020c8a        0x2 
 .text.SystemInit
                0x0000000008020c8c       0x24 CMakeFiles/quintuna_RSM_app.elf.dir/src/cubemx/Src/system_stm32f4xx.c.obj
                0x0000000008020c8c                SystemInit
 .text.__NVIC_SetPriorityGrouping
                0x0000000008020cb0       0x48 libquintuna_RSM_stm32cube.a(stm32f4xx_hal_cortex.c.obj)
 .text.__NVIC_GetPriorityGrouping
                0x0000000008020cf8       0x1c libquintuna_RSM_stm32cube.a(stm32f4xx_hal_cortex.c.obj)
 .text.__NVIC_SetPriority
                0x0000000008020d14       0x54 libquintuna_RSM_stm32cube.a(stm32f4xx_hal_cortex.c.obj)
 .text.NVIC_EncodePriority
                0x0000000008020d68       0x66 libquintuna_RSM_stm32cube.a(stm32f4xx_hal_cortex.c.obj)
 *fill*         0x0000000008020dce        0x2 
 .text.SysTick_Config
                0x0000000008020dd0       0x44 libquintuna_RSM_stm32cube.a(stm32f4xx_hal_cortex.c.obj)
 .text.HAL_NVIC_SetPriorityGrouping
                0x0000000008020e14       0x16 libquintuna_RSM_stm32cube.a(stm32f4xx_hal_cortex.c.obj)
                0x0000000008020e14                HAL_NVIC_SetPriorityGrouping
 .text.HAL_NVIC_SetPriority
                0x0000000008020e2a       0x38 libquintuna_RSM_stm32cube.a(stm32f4xx_hal_cortex.c.obj)
                0x0000000008020e2a                HAL_NVIC_SetPriority
 .text.HAL_SYSTICK_Config
                0x0000000008020e62       0x18 libquintuna_RSM_stm32cube.a(stm32f4xx_hal_cortex.c.obj)
                0x0000000008020e62                HAL_SYSTICK_Config
 *fill*         0x0000000008020e7a        0x2 
 .text.HAL_RCC_OscConfig
                0x0000000008020e7c      0x508 libquintuna_RSM_stm32cube.a(stm32f4xx_hal_rcc_ex.c.obj)
                0x0000000008020e7c                HAL_RCC_OscConfig
 .text.HAL_RCC_ClockConfig
                0x0000000008021384      0x1cc libquintuna_RSM_stm32cube.a(stm32f4xx_hal_rcc.c.obj)
                0x0000000008021384                HAL_RCC_ClockConfig
 .text.HAL_RCC_GetSysClockFreq
                0x0000000008021550      0x18c libquintuna_RSM_stm32cube.a(stm32f4xx_hal_rcc.c.obj)
                0x0000000008021550                HAL_RCC_GetSysClockFreq
 .text.HAL_Init
                0x00000000080216dc       0x44 libquintuna_RSM_stm32cube.a(stm32f4xx_hal.c.obj)
                0x00000000080216dc                HAL_Init
 .text.HAL_InitTick
                0x0000000008021720       0x60 libquintuna_RSM_stm32cube.a(stm32f4xx_hal.c.obj)
                0x0000000008021720                HAL_InitTick
 .text.HAL_IncTick
                0x0000000008021780       0x28 libquintuna_RSM_stm32cube.a(stm32f4xx_hal.c.obj)
                0x0000000008021780                HAL_IncTick
 .text.HAL_GetTick
                0x00000000080217a8       0x18 libquintuna_RSM_stm32cube.a(stm32f4xx_hal.c.obj)
                0x00000000080217a8                HAL_GetTick
 .text.__NVIC_SetPriority
                0x00000000080217c0       0x54 libquintuna_RSM_stm32cube.a(cmsis_os2.c.obj)
 .text.SVC_Setup
                0x0000000008021814       0x12 libquintuna_RSM_stm32cube.a(cmsis_os2.c.obj)
 *fill*         0x0000000008021826        0x2 
 .text.osKernelInitialize
                0x0000000008021828       0x48 libquintuna_RSM_stm32cube.a(cmsis_os2.c.obj)
                0x0000000008021828                osKernelInitialize
 .text.osKernelStart
                0x0000000008021870       0x4c libquintuna_RSM_stm32cube.a(cmsis_os2.c.obj)
                0x0000000008021870                osKernelStart
 .text.osThreadNew
                0x00000000080218bc      0x124 libquintuna_RSM_stm32cube.a(cmsis_os2.c.obj)
                0x00000000080218bc                osThreadNew
 .text.osDelay  0x00000000080219e0       0x36 libquintuna_RSM_stm32cube.a(cmsis_os2.c.obj)
                0x00000000080219e0                osDelay
 *fill*         0x0000000008021a16        0x2 
 .text.vApplicationGetIdleTaskMemory
                0x0000000008021a18       0x34 libquintuna_RSM_stm32cube.a(cmsis_os2.c.obj)
                0x0000000008021a18                vApplicationGetIdleTaskMemory
 .text.vApplicationGetTimerTaskMemory
                0x0000000008021a4c       0x34 libquintuna_RSM_stm32cube.a(cmsis_os2.c.obj)
                0x0000000008021a4c                vApplicationGetTimerTaskMemory
 .text.vListInitialise
                0x0000000008021a80       0x40 libquintuna_RSM_stm32cube.a(list.c.obj)
                0x0000000008021a80                vListInitialise
 .text.vListInitialiseItem
                0x0000000008021ac0       0x1a libquintuna_RSM_stm32cube.a(list.c.obj)
                0x0000000008021ac0                vListInitialiseItem
 .text.vListInsertEnd
                0x0000000008021ada       0x48 libquintuna_RSM_stm32cube.a(list.c.obj)
                0x0000000008021ada                vListInsertEnd
 .text.vListInsert
                0x0000000008021b22       0x72 libquintuna_RSM_stm32cube.a(list.c.obj)
                0x0000000008021b22                vListInsert
 .text.uxListRemove
                0x0000000008021b94       0x54 libquintuna_RSM_stm32cube.a(list.c.obj)
                0x0000000008021b94                uxListRemove
 .text.pxPortInitialiseStack
                0x0000000008021be8       0x68 libquintuna_RSM_stm32cube.a(port.c.obj)
                0x0000000008021be8                pxPortInitialiseStack
 .text.prvTaskExitError
                0x0000000008021c50       0x58 libquintuna_RSM_stm32cube.a(port.c.obj)
 *fill*         0x0000000008021ca8        0x8 
 .text.SVC_Handler
                0x0000000008021cb0       0x28 libquintuna_RSM_stm32cube.a(port.c.obj)
                0x0000000008021cb0                SVC_Handler
 .text.prvPortStartFirstTask
                0x0000000008021cd8       0x28 libquintuna_RSM_stm32cube.a(port.c.obj)
 .text.xPortStartScheduler
                0x0000000008021d00      0x144 libquintuna_RSM_stm32cube.a(port.c.obj)
                0x0000000008021d00                xPortStartScheduler
 .text.vPortEnterCritical
                0x0000000008021e44       0x60 libquintuna_RSM_stm32cube.a(port.c.obj)
                0x0000000008021e44                vPortEnterCritical
 .text.vPortExitCritical
                0x0000000008021ea4       0x54 libquintuna_RSM_stm32cube.a(port.c.obj)
                0x0000000008021ea4                vPortExitCritical
 *fill*         0x0000000008021ef8        0x8 
 .text.PendSV_Handler
                0x0000000008021f00       0x68 libquintuna_RSM_stm32cube.a(port.c.obj)
                0x0000000008021f00                PendSV_Handler
 .text.xPortSysTickHandler
                0x0000000008021f68       0x44 libquintuna_RSM_stm32cube.a(port.c.obj)
                0x0000000008021f68                xPortSysTickHandler
 .text.vPortSetupTimerInterrupt
                0x0000000008021fac       0x48 libquintuna_RSM_stm32cube.a(port.c.obj)
                0x0000000008021fac                vPortSetupTimerInterrupt
 .text.vPortEnableVFP
                0x0000000008021ff4       0x14 libquintuna_RSM_stm32cube.a(port.c.obj)
 .text.vPortValidateInterruptPriority
                0x0000000008022008       0x80 libquintuna_RSM_stm32cube.a(port.c.obj)
                0x0000000008022008                vPortValidateInterruptPriority
 .text.xQueueGenericReset
                0x0000000008022088       0xd0 libquintuna_RSM_stm32cube.a(queue.c.obj)
                0x0000000008022088                xQueueGenericReset
 .text.xQueueGenericCreateStatic
                0x0000000008022158       0xf0 libquintuna_RSM_stm32cube.a(queue.c.obj)
                0x0000000008022158                xQueueGenericCreateStatic
 .text.prvInitialiseNewQueue
                0x0000000008022248       0x46 libquintuna_RSM_stm32cube.a(queue.c.obj)
 *fill*         0x000000000802228e        0x2 
 .text.xQueueGenericSend
                0x0000000008022290      0x1fc libquintuna_RSM_stm32cube.a(queue.c.obj)
                0x0000000008022290                xQueueGenericSend
 .text.xQueueGenericSendFromISR
                0x000000000802248c      0x136 libquintuna_RSM_stm32cube.a(queue.c.obj)
                0x000000000802248c                xQueueGenericSendFromISR
 *fill*         0x00000000080225c2        0x2 
 .text.xQueueReceive
                0x00000000080225c4      0x1c0 libquintuna_RSM_stm32cube.a(queue.c.obj)
                0x00000000080225c4                xQueueReceive
 .text.prvCopyDataToQueue
                0x0000000008022784       0xd4 libquintuna_RSM_stm32cube.a(queue.c.obj)
 .text.prvCopyDataFromQueue
                0x0000000008022858       0x4c libquintuna_RSM_stm32cube.a(queue.c.obj)
 .text.prvUnlockQueue
                0x00000000080228a4       0xa4 libquintuna_RSM_stm32cube.a(queue.c.obj)
 .text.prvIsQueueEmpty
                0x0000000008022948       0x2c libquintuna_RSM_stm32cube.a(queue.c.obj)
 .text.prvIsQueueFull
                0x0000000008022974       0x30 libquintuna_RSM_stm32cube.a(queue.c.obj)
 .text.vQueueAddToRegistry
                0x00000000080229a4       0x54 libquintuna_RSM_stm32cube.a(queue.c.obj)
                0x00000000080229a4                vQueueAddToRegistry
 .text.vQueueWaitForMessageRestricted
                0x00000000080229f8       0x68 libquintuna_RSM_stm32cube.a(queue.c.obj)
                0x00000000080229f8                vQueueWaitForMessageRestricted
 .text.xTaskCreateStatic
                0x0000000008022a60       0xba libquintuna_RSM_stm32cube.a(tasks.c.obj)
                0x0000000008022a60                xTaskCreateStatic
 .text.xTaskCreate
                0x0000000008022b1a       0x8a libquintuna_RSM_stm32cube.a(tasks.c.obj)
                0x0000000008022b1a                xTaskCreate
 .text.prvInitialiseNewTask
                0x0000000008022ba4      0x11e libquintuna_RSM_stm32cube.a(tasks.c.obj)
 *fill*         0x0000000008022cc2        0x2 
 .text.prvAddNewTaskToReadyList
                0x0000000008022cc4       0xe0 libquintuna_RSM_stm32cube.a(tasks.c.obj)
 .text.vTaskDelay
                0x0000000008022da4       0x68 libquintuna_RSM_stm32cube.a(tasks.c.obj)
                0x0000000008022da4                vTaskDelay
 .text.vTaskStartScheduler
                0x0000000008022e0c       0xcc libquintuna_RSM_stm32cube.a(tasks.c.obj)
                0x0000000008022e0c                vTaskStartScheduler
 .text.vTaskSuspendAll
                0x0000000008022ed8       0x1c libquintuna_RSM_stm32cube.a(tasks.c.obj)
                0x0000000008022ed8                vTaskSuspendAll
 .text.xTaskResumeAll
                0x0000000008022ef4      0x13c libquintuna_RSM_stm32cube.a(tasks.c.obj)
                0x0000000008022ef4                xTaskResumeAll
 .text.xTaskGetTickCount
                0x0000000008023030       0x20 libquintuna_RSM_stm32cube.a(tasks.c.obj)
                0x0000000008023030                xTaskGetTickCount
 .text.xTaskIncrementTick
                0x0000000008023050      0x174 libquintuna_RSM_stm32cube.a(tasks.c.obj)
                0x0000000008023050                xTaskIncrementTick
 .text.vTaskSwitchContext
                0x00000000080231c4       0xbc libquintuna_RSM_stm32cube.a(tasks.c.obj)
                0x00000000080231c4                vTaskSwitchContext
 .text.vTaskPlaceOnEventList
                0x0000000008023280       0x48 libquintuna_RSM_stm32cube.a(tasks.c.obj)
                0x0000000008023280                vTaskPlaceOnEventList
 .text.vTaskPlaceOnEventListRestricted
                0x00000000080232c8       0x58 libquintuna_RSM_stm32cube.a(tasks.c.obj)
                0x00000000080232c8                vTaskPlaceOnEventListRestricted
 .text.xTaskRemoveFromEventList
                0x0000000008023320       0xc8 libquintuna_RSM_stm32cube.a(tasks.c.obj)
                0x0000000008023320                xTaskRemoveFromEventList
 .text.vTaskInternalSetTimeOutState
                0x00000000080233e8       0x2c libquintuna_RSM_stm32cube.a(tasks.c.obj)
                0x00000000080233e8                vTaskInternalSetTimeOutState
 .text.xTaskCheckForTimeOut
                0x0000000008023414       0xc4 libquintuna_RSM_stm32cube.a(tasks.c.obj)
                0x0000000008023414                xTaskCheckForTimeOut
 .text.vTaskMissedYield
                0x00000000080234d8       0x18 libquintuna_RSM_stm32cube.a(tasks.c.obj)
                0x00000000080234d8                vTaskMissedYield
 .text.prvIdleTask
                0x00000000080234f0       0x30 libquintuna_RSM_stm32cube.a(tasks.c.obj)
 .text.prvInitialiseTaskLists
                0x0000000008023520       0x80 libquintuna_RSM_stm32cube.a(tasks.c.obj)
 .text.prvCheckTasksWaitingTermination
                0x00000000080235a0       0x5c libquintuna_RSM_stm32cube.a(tasks.c.obj)
 .text.prvDeleteTCB
                0x00000000080235fc       0x5e libquintuna_RSM_stm32cube.a(tasks.c.obj)
 *fill*         0x000000000802365a        0x2 
 .text.prvResetNextTaskUnblockTime
                0x000000000802365c       0x40 libquintuna_RSM_stm32cube.a(tasks.c.obj)
 .text.xTaskGetSchedulerState
                0x000000000802369c       0x3c libquintuna_RSM_stm32cube.a(tasks.c.obj)
                0x000000000802369c                xTaskGetSchedulerState
 .text.xTaskPriorityDisinherit
                0x00000000080236d8       0xdc libquintuna_RSM_stm32cube.a(tasks.c.obj)
                0x00000000080236d8                xTaskPriorityDisinherit
 .text.prvAddCurrentTaskToDelayedList
                0x00000000080237b4       0xa8 libquintuna_RSM_stm32cube.a(tasks.c.obj)
 .text.xTimerCreateTimerTask
                0x000000000802385c       0x90 libquintuna_RSM_stm32cube.a(timers.c.obj)
                0x000000000802385c                xTimerCreateTimerTask
 .text.xTimerGenericCommand
                0x00000000080238ec       0x9c libquintuna_RSM_stm32cube.a(timers.c.obj)
                0x00000000080238ec                xTimerGenericCommand
 .text.prvProcessExpiredTimer
                0x0000000008023988       0x98 libquintuna_RSM_stm32cube.a(timers.c.obj)
 .text.prvTimerTask
                0x0000000008023a20       0x24 libquintuna_RSM_stm32cube.a(timers.c.obj)
 .text.prvProcessTimerOrBlockTask
                0x0000000008023a44       0x9c libquintuna_RSM_stm32cube.a(timers.c.obj)
 .text.prvGetNextExpireTime
                0x0000000008023ae0       0x48 libquintuna_RSM_stm32cube.a(timers.c.obj)
 .text.prvSampleTimeNow
                0x0000000008023b28       0x40 libquintuna_RSM_stm32cube.a(timers.c.obj)
 .text.prvInsertTimerInActiveList
                0x0000000008023b68       0x84 libquintuna_RSM_stm32cube.a(timers.c.obj)
 .text.prvProcessReceivedCommands
                0x0000000008023bec      0x1c4 libquintuna_RSM_stm32cube.a(timers.c.obj)
 .text.prvSwitchTimerLists
                0x0000000008023db0       0xc8 libquintuna_RSM_stm32cube.a(timers.c.obj)
 .text.prvCheckForValidListAndQueue
                0x0000000008023e78       0x80 libquintuna_RSM_stm32cube.a(timers.c.obj)
 .text.Reset_Handler
                0x0000000008023ef8       0x50 libquintuna_RSM_stm32cube.a(startup_stm32f412rx.s.obj)
                0x0000000008023ef8                Reset_Handler
 .text.Default_Handler
                0x0000000008023f48        0x2 libquintuna_RSM_stm32cube.a(startup_stm32f412rx.s.obj)
                0x0000000008023f48                DMA1_Stream3_IRQHandler
                0x0000000008023f48                EXTI2_IRQHandler
                0x0000000008023f48                TIM8_CC_IRQHandler
                0x0000000008023f48                FMPI2C1_EV_IRQHandler
                0x0000000008023f48                SPI4_IRQHandler
                0x0000000008023f48                TIM1_CC_IRQHandler
                0x0000000008023f48                DMA2_Stream5_IRQHandler
                0x0000000008023f48                DMA1_Stream5_IRQHandler
                0x0000000008023f48                TIM6_IRQHandler
                0x0000000008023f48                PVD_IRQHandler
                0x0000000008023f48                SDIO_IRQHandler
                0x0000000008023f48                TAMP_STAMP_IRQHandler
                0x0000000008023f48                CAN2_RX1_IRQHandler
                0x0000000008023f48                EXTI3_IRQHandler
                0x0000000008023f48                TIM8_TRG_COM_TIM14_IRQHandler
                0x0000000008023f48                DFSDM1_FLT1_IRQHandler
                0x0000000008023f48                TIM1_UP_TIM10_IRQHandler
                0x0000000008023f48                TIM8_UP_TIM13_IRQHandler
                0x0000000008023f48                I2C3_ER_IRQHandler
                0x0000000008023f48                EXTI0_IRQHandler
                0x0000000008023f48                I2C2_EV_IRQHandler
                0x0000000008023f48                DMA1_Stream2_IRQHandler
                0x0000000008023f48                CAN1_RX0_IRQHandler
                0x0000000008023f48                FPU_IRQHandler
                0x0000000008023f48                CAN2_SCE_IRQHandler
                0x0000000008023f48                DMA2_Stream2_IRQHandler
                0x0000000008023f48                SPI1_IRQHandler
                0x0000000008023f48                TIM1_BRK_TIM9_IRQHandler
                0x0000000008023f48                CAN2_RX0_IRQHandler
                0x0000000008023f48                DMA2_Stream3_IRQHandler
                0x0000000008023f48                USART6_IRQHandler
                0x0000000008023f48                USART3_IRQHandler
                0x0000000008023f48                CAN1_RX1_IRQHandler
                0x0000000008023f48                DMA2_Stream0_IRQHandler
                0x0000000008023f48                TIM4_IRQHandler
                0x0000000008023f48                QUADSPI_IRQHandler
                0x0000000008023f48                I2C1_EV_IRQHandler
                0x0000000008023f48                DMA1_Stream6_IRQHandler
                0x0000000008023f48                DMA1_Stream1_IRQHandler
                0x0000000008023f48                TIM3_IRQHandler
                0x0000000008023f48                RCC_IRQHandler
                0x0000000008023f48                TIM8_BRK_TIM12_IRQHandler
                0x0000000008023f48                Default_Handler
                0x0000000008023f48                EXTI15_10_IRQHandler
                0x0000000008023f48                ADC_IRQHandler
                0x0000000008023f48                DMA1_Stream7_IRQHandler
                0x0000000008023f48                SPI5_IRQHandler
                0x0000000008023f48                TIM7_IRQHandler
                0x0000000008023f48                CAN2_TX_IRQHandler
                0x0000000008023f48                TIM5_IRQHandler
                0x0000000008023f48                DMA2_Stream7_IRQHandler
                0x0000000008023f48                I2C3_EV_IRQHandler
                0x0000000008023f48                EXTI9_5_IRQHandler
                0x0000000008023f48                RTC_WKUP_IRQHandler
                0x0000000008023f48                SPI2_IRQHandler
                0x0000000008023f48                DMA1_Stream0_IRQHandler
                0x0000000008023f48                CAN1_TX_IRQHandler
                0x0000000008023f48                FMPI2C1_ER_IRQHandler
                0x0000000008023f48                EXTI4_IRQHandler
                0x0000000008023f48                RNG_IRQHandler
                0x0000000008023f48                WWDG_IRQHandler
                0x0000000008023f48                TIM2_IRQHandler
                0x0000000008023f48                OTG_FS_WKUP_IRQHandler
                0x0000000008023f48                TIM1_TRG_COM_TIM11_IRQHandler
                0x0000000008023f48                EXTI1_IRQHandler
                0x0000000008023f48                USART2_IRQHandler
                0x0000000008023f48                DFSDM1_FLT0_IRQHandler
                0x0000000008023f48                I2C2_ER_IRQHandler
                0x0000000008023f48                DMA2_Stream1_IRQHandler
                0x0000000008023f48                CAN1_SCE_IRQHandler
                0x0000000008023f48                FLASH_IRQHandler
                0x0000000008023f48                DMA2_Stream4_IRQHandler
                0x0000000008023f48                USART1_IRQHandler
                0x0000000008023f48                OTG_FS_IRQHandler
                0x0000000008023f48                SPI3_IRQHandler
                0x0000000008023f48                DMA1_Stream4_IRQHandler
                0x0000000008023f48                I2C1_ER_IRQHandler
                0x0000000008023f48                DMA2_Stream6_IRQHandler
                0x0000000008023f48                RTC_Alarm_IRQHandler
 *fill*         0x0000000008023f4a        0x2 
 .text._sbrk_r  0x0000000008023f4c       0xb8 libquintuna_RSM_stm32cube.a(heap_useNewLib.c.obj)
                0x0000000008023f4c                _sbrk_r
 .text.__malloc_lock
                0x0000000008024004       0x52 libquintuna_RSM_stm32cube.a(heap_useNewLib.c.obj)
                0x0000000008024004                __malloc_lock
 .text.__malloc_unlock
                0x0000000008024056       0x14 libquintuna_RSM_stm32cube.a(heap_useNewLib.c.obj)
                0x0000000008024056                __malloc_unlock
 .text.pvPortMalloc
                0x000000000802406a       0x1c libquintuna_RSM_stm32cube.a(heap_useNewLib.c.obj)
                0x000000000802406a                pvPortMalloc
 .text.vPortFree
                0x0000000008024086       0x16 libquintuna_RSM_stm32cube.a(heap_useNewLib.c.obj)
                0x0000000008024086                vPortFree
 .text.malloc   0x000000000802409c       0x10 /usr/local/bin/../lib/gcc/arm-none-eabi/10.3.1/../../../../arm-none-eabi/lib/thumb/v7e-m+fp/hard/libg_nano.a(lib_a-malloc.o)
                0x000000000802409c                malloc
 .text.free     0x00000000080240ac       0x10 /usr/local/bin/../lib/gcc/arm-none-eabi/10.3.1/../../../../arm-none-eabi/lib/thumb/v7e-m+fp/hard/libg_nano.a(lib_a-malloc.o)
                0x00000000080240ac                free
 .text.memcpy   0x00000000080240bc       0x1c /usr/local/bin/../lib/gcc/arm-none-eabi/10.3.1/../../../../arm-none-eabi/lib/thumb/v7e-m+fp/hard/libg_nano.a(lib_a-memcpy-stub.o)
                0x00000000080240bc                memcpy
 .text._free_r  0x00000000080240d8       0x98 /usr/local/bin/../lib/gcc/arm-none-eabi/10.3.1/../../../../arm-none-eabi/lib/thumb/v7e-m+fp/hard/libg_nano.a(lib_a-nano-freer.o)
                0x00000000080240d8                _free_r
 .text.sbrk_aligned
                0x0000000008024170       0x40 /usr/local/bin/../lib/gcc/arm-none-eabi/10.3.1/../../../../arm-none-eabi/lib/thumb/v7e-m+fp/hard/libg_nano.a(lib_a-nano-mallocr.o)
 .text._malloc_r
                0x00000000080241b0       0xe8 /usr/local/bin/../lib/gcc/arm-none-eabi/10.3.1/../../../../arm-none-eabi/lib/thumb/v7e-m+fp/hard/libg_nano.a(lib_a-nano-mallocr.o)
                0x00000000080241b0                _malloc_r
 *(.glue_7)
 .glue_7        0x0000000008024298        0x0 linker stubs
 *(.glue_7t)
 .glue_7t       0x0000000008024298        0x0 linker stubs
 *(.eh_frame)
 .eh_frame      0x0000000008024298        0x0 /usr/local/bin/../lib/gcc/arm-none-eabi/10.3.1/thumb/v7e-m+fp/hard/crtbegin.o
 *(.init)
 .init          0x0000000008024298        0x4 /usr/local/bin/../lib/gcc/arm-none-eabi/10.3.1/thumb/v7e-m+fp/hard/crti.o
                0x0000000008024298                _init
 .init          0x000000000802429c        0x8 /usr/local/bin/../lib/gcc/arm-none-eabi/10.3.1/thumb/v7e-m+fp/hard/crtn.o
 *(.fini)
 .fini          0x00000000080242a4        0x4 /usr/local/bin/../lib/gcc/arm-none-eabi/10.3.1/thumb/v7e-m+fp/hard/crti.o
                0x00000000080242a4                _fini
 .fini          0x00000000080242a8        0x8 /usr/local/bin/../lib/gcc/arm-none-eabi/10.3.1/thumb/v7e-m+fp/hard/crtn.o
                0x00000000080242b0                . = ALIGN (0x4)
                0x00000000080242b0                _etext = .

.vfp11_veneer   0x00000000080242b0        0x0
 .vfp11_veneer  0x00000000080242b0        0x0 linker stubs

.v4_bx          0x00000000080242b0        0x0
 .v4_bx         0x00000000080242b0        0x0 linker stubs

.iplt           0x00000000080242b0        0x0
 .iplt          0x00000000080242b0        0x0 /usr/local/bin/../lib/gcc/arm-none-eabi/10.3.1/thumb/v7e-m+fp/hard/crtbegin.o

.rodata         0x00000000080242b0       0x5c
                0x00000000080242b0                . = ALIGN (0x4)
 *(.rodata)
 .rodata        0x00000000080242b0        0xc CMakeFiles/quintuna_RSM_app.elf.dir/src/cubemx/Src/main.c.obj
 .rodata        0x00000000080242bc        0x5 libquintuna_RSM_stm32cube.a(tasks.c.obj)
 *fill*         0x00000000080242c1        0x3 
 .rodata        0x00000000080242c4        0xd libquintuna_RSM_stm32cube.a(timers.c.obj)
 *(.rodata*)
 *fill*         0x00000000080242d1        0x3 
 .rodata._global_impure_ptr
                0x00000000080242d4        0x4 /usr/local/bin/../lib/gcc/arm-none-eabi/10.3.1/../../../../arm-none-eabi/lib/thumb/v7e-m+fp/hard/libc.a(lib_a-impure.o)
                0x00000000080242d4                _global_impure_ptr
 .rodata.defaultTask_attributes
                0x00000000080242d8       0x24 CMakeFiles/quintuna_RSM_app.elf.dir/src/cubemx/Src/main.c.obj
                0x00000000080242d8                defaultTask_attributes
 .rodata.AHBPrescTable
                0x00000000080242fc       0x10 CMakeFiles/quintuna_RSM_app.elf.dir/src/cubemx/Src/system_stm32f4xx.c.obj
                0x00000000080242fc                AHBPrescTable
                0x000000000802430c                . = ALIGN (0x4)

.ARM.extab      0x000000000802430c        0x0
                0x000000000802430c                . = ALIGN (0x4)
 *(.ARM.extab* .gnu.linkonce.armextab.*)
                0x000000000802430c                . = ALIGN (0x4)

.ARM            0x000000000802430c        0x8
                0x000000000802430c                . = ALIGN (0x4)
                0x000000000802430c                __exidx_start = .
 *(.ARM.exidx*)
 .ARM.exidx     0x000000000802430c        0x8 /usr/local/bin/../lib/gcc/arm-none-eabi/10.3.1/thumb/v7e-m+fp/hard/libgcc.a(_udivmoddi4.o)
                0x0000000008024314                __exidx_end = .
                0x0000000008024314                . = ALIGN (0x4)

.rel.dyn        0x0000000008024314        0x0
 .rel.iplt      0x0000000008024314        0x0 /usr/local/bin/../lib/gcc/arm-none-eabi/10.3.1/thumb/v7e-m+fp/hard/crtbegin.o

.preinit_array  0x0000000008024314        0x0
                0x0000000008024314                . = ALIGN (0x4)
                0x0000000008024314                PROVIDE (__preinit_array_start = .)
 *(.preinit_array*)
                0x0000000008024314                PROVIDE (__preinit_array_end = .)
                0x0000000008024314                . = ALIGN (0x4)

.init_array     0x0000000008024314        0x8
                0x0000000008024314                . = ALIGN (0x4)
                0x0000000008024314                PROVIDE (__init_array_start = .)
 *(SORT_BY_NAME(.init_array.*))
 .init_array.00000
                0x0000000008024314        0x4 /usr/local/bin/../lib/gcc/arm-none-eabi/10.3.1/../../../../arm-none-eabi/lib/thumb/v7e-m+fp/hard/libc.a(lib_a-__call_atexit.o)
 *(.init_array*)
 .init_array    0x0000000008024318        0x4 /usr/local/bin/../lib/gcc/arm-none-eabi/10.3.1/thumb/v7e-m+fp/hard/crtbegin.o
                0x000000000802431c                PROVIDE (__init_array_end = .)
                0x000000000802431c                . = ALIGN (0x4)

.fini_array     0x000000000802431c        0x4
                0x000000000802431c                . = ALIGN (0x4)
                0x000000000802431c                PROVIDE (__fini_array_start = .)
 *(SORT_BY_NAME(.fini_array.*))
 *(.fini_array*)
 .fini_array    0x000000000802431c        0x4 /usr/local/bin/../lib/gcc/arm-none-eabi/10.3.1/thumb/v7e-m+fp/hard/crtbegin.o
                0x0000000008024320                PROVIDE (__fini_array_end = .)
                0x0000000008024320                . = ALIGN (0x4)
                0x0000000008024320                _sidata = LOADADDR (.data)

.data           0x0000000020000000      0x448 load address 0x0000000008024320
                0x0000000020000000                . = ALIGN (0x4)
                0x0000000020000000                _sdata = .
 *(.data)
 *(.data*)
 .data._impure_ptr
                0x0000000020000000        0x4 /usr/local/bin/../lib/gcc/arm-none-eabi/10.3.1/../../../../arm-none-eabi/lib/thumb/v7e-m+fp/hard/libc.a(lib_a-impure.o)
                0x0000000020000000                _impure_ptr
 *fill*         0x0000000020000004        0x4 
 .data.impure_data
                0x0000000020000008      0x428 /usr/local/bin/../lib/gcc/arm-none-eabi/10.3.1/../../../../arm-none-eabi/lib/thumb/v7e-m+fp/hard/libc.a(lib_a-impure.o)
 .data.__atexit_recursive_mutex
                0x0000000020000430        0x4 /usr/local/bin/../lib/gcc/arm-none-eabi/10.3.1/../../../../arm-none-eabi/lib/thumb/v7e-m+fp/hard/libc.a(lib_a-__call_atexit.o)
                0x0000000020000430                __atexit_recursive_mutex
 .data.SystemCoreClock
                0x0000000020000434        0x4 CMakeFiles/quintuna_RSM_app.elf.dir/src/cubemx/Src/system_stm32f4xx.c.obj
                0x0000000020000434                SystemCoreClock
 .data.uwTickPrio
                0x0000000020000438        0x4 libquintuna_RSM_stm32cube.a(stm32f4xx_hal.c.obj)
                0x0000000020000438                uwTickPrio
 .data.uwTickFreq
                0x000000002000043c        0x1 libquintuna_RSM_stm32cube.a(stm32f4xx_hal.c.obj)
                0x000000002000043c                uwTickFreq
 *fill*         0x000000002000043d        0x3 
 .data.uxCriticalNesting
                0x0000000020000440        0x4 libquintuna_RSM_stm32cube.a(port.c.obj)
 .data.currentHeapEnd.0
                0x0000000020000444        0x4 libquintuna_RSM_stm32cube.a(heap_useNewLib.c.obj)
 *(.RamFunc)
 *(.RamFunc*)
                0x0000000020000448                . = ALIGN (0x4)
                0x0000000020000448                _edata = .

.igot.plt       0x0000000020000448        0x0 load address 0x0000000008024768
 .igot.plt      0x0000000020000448        0x0 /usr/local/bin/../lib/gcc/arm-none-eabi/10.3.1/thumb/v7e-m+fp/hard/crtbegin.o
                0x0000000020000448                . = ALIGN (0x4)

.bss            0x0000000020000448      0xd6c load address 0x0000000008024768
                0x0000000020000448                _sbss = .
                0x0000000020000448                __bss_start__ = _sbss
 *(.bss)
 .bss           0x0000000020000448       0x1c /usr/local/bin/../lib/gcc/arm-none-eabi/10.3.1/thumb/v7e-m+fp/hard/crtbegin.o
 *(.bss*)
 .bss.__lock___atexit_recursive_mutex
                0x0000000020000464        0x1 /usr/local/bin/../lib/gcc/arm-none-eabi/10.3.1/../../../../arm-none-eabi/lib/thumb/v7e-m+fp/hard/libc.a(lib_a-lock.o)
                0x0000000020000464                __lock___atexit_recursive_mutex
 *fill*         0x0000000020000465        0x3 
 .bss.defaultTaskHandle
                0x0000000020000468        0x4 CMakeFiles/quintuna_RSM_app.elf.dir/src/cubemx/Src/main.c.obj
                0x0000000020000468                defaultTaskHandle
 .bss.uwTick    0x000000002000046c        0x4 libquintuna_RSM_stm32cube.a(stm32f4xx_hal.c.obj)
                0x000000002000046c                uwTick
 .bss.KernelState
                0x0000000020000470        0x4 libquintuna_RSM_stm32cube.a(cmsis_os2.c.obj)
 .bss.Idle_TCB.3
                0x0000000020000474       0x5c libquintuna_RSM_stm32cube.a(cmsis_os2.c.obj)
 .bss.Idle_Stack.2
                0x00000000200004d0      0x200 libquintuna_RSM_stm32cube.a(cmsis_os2.c.obj)
 .bss.Timer_TCB.1
                0x00000000200006d0       0x5c libquintuna_RSM_stm32cube.a(cmsis_os2.c.obj)
 .bss.Timer_Stack.0
                0x000000002000072c      0x400 libquintuna_RSM_stm32cube.a(cmsis_os2.c.obj)
 .bss.ucMaxSysCallPriority
                0x0000000020000b2c        0x1 libquintuna_RSM_stm32cube.a(port.c.obj)
 *fill*         0x0000000020000b2d        0x3 
 .bss.ulMaxPRIGROUPValue
                0x0000000020000b30        0x4 libquintuna_RSM_stm32cube.a(port.c.obj)
 .bss.xQueueRegistry
                0x0000000020000b34       0x40 libquintuna_RSM_stm32cube.a(queue.c.obj)
                0x0000000020000b34                xQueueRegistry
 .bss.pxCurrentTCB
                0x0000000020000b74        0x4 libquintuna_RSM_stm32cube.a(tasks.c.obj)
                0x0000000020000b74                pxCurrentTCB
 .bss.pxReadyTasksLists
                0x0000000020000b78      0x460 libquintuna_RSM_stm32cube.a(tasks.c.obj)
 .bss.xDelayedTaskList1
                0x0000000020000fd8       0x14 libquintuna_RSM_stm32cube.a(tasks.c.obj)
 .bss.xDelayedTaskList2
                0x0000000020000fec       0x14 libquintuna_RSM_stm32cube.a(tasks.c.obj)
 .bss.pxDelayedTaskList
                0x0000000020001000        0x4 libquintuna_RSM_stm32cube.a(tasks.c.obj)
 .bss.pxOverflowDelayedTaskList
                0x0000000020001004        0x4 libquintuna_RSM_stm32cube.a(tasks.c.obj)
 .bss.xPendingReadyList
                0x0000000020001008       0x14 libquintuna_RSM_stm32cube.a(tasks.c.obj)
 .bss.xTasksWaitingTermination
                0x000000002000101c       0x14 libquintuna_RSM_stm32cube.a(tasks.c.obj)
 .bss.uxDeletedTasksWaitingCleanUp
                0x0000000020001030        0x4 libquintuna_RSM_stm32cube.a(tasks.c.obj)
 .bss.xSuspendedTaskList
                0x0000000020001034       0x14 libquintuna_RSM_stm32cube.a(tasks.c.obj)
 .bss.uxCurrentNumberOfTasks
                0x0000000020001048        0x4 libquintuna_RSM_stm32cube.a(tasks.c.obj)
 .bss.xTickCount
                0x000000002000104c        0x4 libquintuna_RSM_stm32cube.a(tasks.c.obj)
 .bss.uxTopReadyPriority
                0x0000000020001050        0x4 libquintuna_RSM_stm32cube.a(tasks.c.obj)
 .bss.xSchedulerRunning
                0x0000000020001054        0x4 libquintuna_RSM_stm32cube.a(tasks.c.obj)
 .bss.xPendedTicks
                0x0000000020001058        0x4 libquintuna_RSM_stm32cube.a(tasks.c.obj)
 .bss.xYieldPending
                0x000000002000105c        0x4 libquintuna_RSM_stm32cube.a(tasks.c.obj)
 .bss.xNumOfOverflows
                0x0000000020001060        0x4 libquintuna_RSM_stm32cube.a(tasks.c.obj)
 .bss.uxTaskNumber
                0x0000000020001064        0x4 libquintuna_RSM_stm32cube.a(tasks.c.obj)
 .bss.xNextTaskUnblockTime
                0x0000000020001068        0x4 libquintuna_RSM_stm32cube.a(tasks.c.obj)
 .bss.xIdleTaskHandle
                0x000000002000106c        0x4 libquintuna_RSM_stm32cube.a(tasks.c.obj)
 .bss.uxSchedulerSuspended
                0x0000000020001070        0x4 libquintuna_RSM_stm32cube.a(tasks.c.obj)
 .bss.xActiveTimerList1
                0x0000000020001074       0x14 libquintuna_RSM_stm32cube.a(timers.c.obj)
 .bss.xActiveTimerList2
                0x0000000020001088       0x14 libquintuna_RSM_stm32cube.a(timers.c.obj)
 .bss.pxCurrentTimerList
                0x000000002000109c        0x4 libquintuna_RSM_stm32cube.a(timers.c.obj)
 .bss.pxOverflowTimerList
                0x00000000200010a0        0x4 libquintuna_RSM_stm32cube.a(timers.c.obj)
 .bss.xTimerQueue
                0x00000000200010a4        0x4 libquintuna_RSM_stm32cube.a(timers.c.obj)
 .bss.xTimerTaskHandle
                0x00000000200010a8        0x4 libquintuna_RSM_stm32cube.a(timers.c.obj)
 .bss.xLastTime.2
                0x00000000200010ac        0x4 libquintuna_RSM_stm32cube.a(timers.c.obj)
 .bss.ucStaticTimerQueueStorage.1
                0x00000000200010b0       0xa0 libquintuna_RSM_stm32cube.a(timers.c.obj)
 .bss.xStaticTimerQueue.0
                0x0000000020001150       0x50 libquintuna_RSM_stm32cube.a(timers.c.obj)
 .bss.heapBytesRemaining
                0x00000000200011a0        0x4 libquintuna_RSM_stm32cube.a(heap_useNewLib.c.obj)
 .bss.TotalHeapSize
                0x00000000200011a4        0x4 libquintuna_RSM_stm32cube.a(heap_useNewLib.c.obj)
                0x00000000200011a4                TotalHeapSize
 .bss.totalBytesProvidedBySBRK
                0x00000000200011a8        0x4 libquintuna_RSM_stm32cube.a(heap_useNewLib.c.obj)
 .bss.__malloc_free_list
                0x00000000200011ac        0x4 /usr/local/bin/../lib/gcc/arm-none-eabi/10.3.1/../../../../arm-none-eabi/lib/thumb/v7e-m+fp/hard/libg_nano.a(lib_a-nano-mallocr.o)
                0x00000000200011ac                __malloc_free_list
 .bss.__malloc_sbrk_start
                0x00000000200011b0        0x4 /usr/local/bin/../lib/gcc/arm-none-eabi/10.3.1/../../../../arm-none-eabi/lib/thumb/v7e-m+fp/hard/libg_nano.a(lib_a-nano-mallocr.o)
                0x00000000200011b0                __malloc_sbrk_start
 *(COMMON)
                0x00000000200011b4                . = ALIGN (0x4)
                0x00000000200011b4                _ebss = .
                0x00000000200011b4                __bss_end__ = _ebss

._user_heap_stack
                0x00000000200011b4      0x404 load address 0x0000000008024768
                0x00000000200011b8                . = ALIGN (0x8)
 *fill*         0x00000000200011b4        0x4 
                0x00000000200011b8                PROVIDE (end = .)
                [!provide]                        PROVIDE (_end = .)
                0x00000000200011b8                . = (. + _Min_Heap_Size)
                0x00000000200015b8                . = (. + _Min_Stack_Size)
 *fill*         0x00000000200011b8      0x400 
                0x00000000200015b8                . = ALIGN (0x8)

/DISCARD/
 libc.a(*)
 libm.a(*)
 libgcc.a(*)

.ARM.attributes
                0x0000000000000000       0x30
 *(.ARM.attributes)
 .ARM.attributes
                0x0000000000000000       0x1e /usr/local/bin/../lib/gcc/arm-none-eabi/10.3.1/thumb/v7e-m+fp/hard/crti.o
 .ARM.attributes
                0x000000000000001e       0x34 /usr/local/bin/../lib/gcc/arm-none-eabi/10.3.1/thumb/v7e-m+fp/hard/crtbegin.o
 .ARM.attributes
                0x0000000000000052       0x34 CMakeFiles/quintuna_RSM_app.elf.dir/src/cubemx/Src/main.c.obj
 .ARM.attributes
                0x0000000000000086       0x34 CMakeFiles/quintuna_RSM_app.elf.dir/src/cubemx/Src/stm32f4xx_hal_msp.c.obj
 .ARM.attributes
                0x00000000000000ba       0x34 CMakeFiles/quintuna_RSM_app.elf.dir/src/cubemx/Src/stm32f4xx_it.c.obj
 .ARM.attributes
                0x00000000000000ee       0x34 CMakeFiles/quintuna_RSM_app.elf.dir/src/cubemx/Src/system_stm32f4xx.c.obj
 .ARM.attributes
                0x0000000000000122       0x34 libquintuna_RSM_stm32cube.a(stm32f4xx_hal_cortex.c.obj)
 .ARM.attributes
                0x0000000000000156       0x34 libquintuna_RSM_stm32cube.a(stm32f4xx_hal_rcc_ex.c.obj)
 .ARM.attributes
                0x000000000000018a       0x34 libquintuna_RSM_stm32cube.a(stm32f4xx_hal_rcc.c.obj)
 .ARM.attributes
                0x00000000000001be       0x34 libquintuna_RSM_stm32cube.a(stm32f4xx_hal.c.obj)
 .ARM.attributes
                0x00000000000001f2       0x34 libquintuna_RSM_stm32cube.a(cmsis_os2.c.obj)
 .ARM.attributes
                0x0000000000000226       0x34 libquintuna_RSM_stm32cube.a(list.c.obj)
 .ARM.attributes
                0x000000000000025a       0x34 libquintuna_RSM_stm32cube.a(port.c.obj)
 .ARM.attributes
                0x000000000000028e       0x34 libquintuna_RSM_stm32cube.a(queue.c.obj)
 .ARM.attributes
                0x00000000000002c2       0x34 libquintuna_RSM_stm32cube.a(tasks.c.obj)
 .ARM.attributes
                0x00000000000002f6       0x34 libquintuna_RSM_stm32cube.a(timers.c.obj)
 .ARM.attributes
                0x000000000000032a       0x21 libquintuna_RSM_stm32cube.a(startup_stm32f412rx.s.obj)
 .ARM.attributes
                0x000000000000034b       0x34 libquintuna_RSM_stm32cube.a(heap_useNewLib.c.obj)
 .ARM.attributes
                0x000000000000037f       0x1e /usr/local/bin/../lib/gcc/arm-none-eabi/10.3.1/thumb/v7e-m+fp/hard/libgcc.a(_aeabi_uldivmod.o)
 .ARM.attributes
                0x000000000000039d       0x34 /usr/local/bin/../lib/gcc/arm-none-eabi/10.3.1/thumb/v7e-m+fp/hard/libgcc.a(_udivmoddi4.o)
 .ARM.attributes
                0x00000000000003d1       0x1e /usr/local/bin/../lib/gcc/arm-none-eabi/10.3.1/thumb/v7e-m+fp/hard/libgcc.a(_dvmd_tls.o)
 .ARM.attributes
                0x00000000000003ef       0x34 /usr/local/bin/../lib/gcc/arm-none-eabi/10.3.1/../../../../arm-none-eabi/lib/thumb/v7e-m+fp/hard/libg_nano.a(lib_a-malloc.o)
 .ARM.attributes
                0x0000000000000423       0x34 /usr/local/bin/../lib/gcc/arm-none-eabi/10.3.1/../../../../arm-none-eabi/lib/thumb/v7e-m+fp/hard/libg_nano.a(lib_a-memcpy-stub.o)
 .ARM.attributes
                0x0000000000000457       0x34 /usr/local/bin/../lib/gcc/arm-none-eabi/10.3.1/../../../../arm-none-eabi/lib/thumb/v7e-m+fp/hard/libg_nano.a(lib_a-nano-freer.o)
 .ARM.attributes
                0x000000000000048b       0x34 /usr/local/bin/../lib/gcc/arm-none-eabi/10.3.1/../../../../arm-none-eabi/lib/thumb/v7e-m+fp/hard/libg_nano.a(lib_a-nano-mallocr.o)
 .ARM.attributes
                0x00000000000004bf       0x1e /usr/local/bin/../lib/gcc/arm-none-eabi/10.3.1/thumb/v7e-m+fp/hard/crtn.o
LOAD CMakeFiles/quintuna_RSM_app.elf.dir/__/__/shared/srcpp/app/app_stateMachine.cpp.obj
LOAD CMakeFiles/quintuna_RSM_app.elf.dir/__/__/shared/srcpp/app/app_timer.cpp.obj
LOAD CMakeFiles/quintuna_RSM_app.elf.dir/src/cubemx/Src/freertos.c.obj
LOAD CMakeFiles/quintuna_RSM_app.elf.dir/src/cubemx/Src/main.c.obj
LOAD CMakeFiles/quintuna_RSM_app.elf.dir/src/cubemx/Src/stm32f4xx_hal_msp.c.obj
LOAD CMakeFiles/quintuna_RSM_app.elf.dir/src/cubemx/Src/stm32f4xx_it.c.obj
LOAD CMakeFiles/quintuna_RSM_app.elf.dir/src/cubemx/Src/syscalls.c.obj
LOAD CMakeFiles/quintuna_RSM_app.elf.dir/src/cubemx/Src/system_stm32f4xx.c.obj
LOAD CMakeFiles/quintuna_RSM_app.elf.dir/src/tasks.cpp.obj
LOAD libquintuna_RSM_stm32cube.a
LOAD libquintuna_RSM_jsoncan.a
LOAD libquintuna_RSM_commit_info.a
LOAD ../../chimera/proto/libdebug_modules.a
LOAD libquintuna_RSM_stm32cube.a
LOAD /usr/local/bin/../lib/gcc/arm-none-eabi/10.3.1/../../../../arm-none-eabi/lib/thumb/v7e-m+fp/hard/libstdc++_nano.a
LOAD /usr/local/bin/../lib/gcc/arm-none-eabi/10.3.1/../../../../arm-none-eabi/lib/thumb/v7e-m+fp/hard/libm.a
START GROUP
LOAD /usr/local/bin/../lib/gcc/arm-none-eabi/10.3.1/thumb/v7e-m+fp/hard/libgcc.a
LOAD /usr/local/bin/../lib/gcc/arm-none-eabi/10.3.1/../../../../arm-none-eabi/lib/thumb/v7e-m+fp/hard/libg_nano.a
LOAD /usr/local/bin/../lib/gcc/arm-none-eabi/10.3.1/../../../../arm-none-eabi/lib/thumb/v7e-m+fp/hard/libc_nano.a
END GROUP
START GROUP
LOAD /usr/local/bin/../lib/gcc/arm-none-eabi/10.3.1/thumb/v7e-m+fp/hard/libgcc.a
LOAD /usr/local/bin/../lib/gcc/arm-none-eabi/10.3.1/../../../../arm-none-eabi/lib/thumb/v7e-m+fp/hard/libc_nano.a
LOAD /usr/local/bin/../lib/gcc/arm-none-eabi/10.3.1/../../../../arm-none-eabi/lib/thumb/v7e-m+fp/hard/libnosys.a
END GROUP
START GROUP
LOAD /usr/local/bin/../lib/gcc/arm-none-eabi/10.3.1/thumb/v7e-m+fp/hard/libgcc.a
LOAD /usr/local/bin/../lib/gcc/arm-none-eabi/10.3.1/../../../../arm-none-eabi/lib/thumb/v7e-m+fp/hard/libc_nano.a
LOAD /usr/local/bin/../lib/gcc/arm-none-eabi/10.3.1/../../../../arm-none-eabi/lib/thumb/v7e-m+fp/hard/libnosys.a
END GROUP
LOAD /usr/local/bin/../lib/gcc/arm-none-eabi/10.3.1/thumb/v7e-m+fp/hard/crtend.o
LOAD /usr/local/bin/../lib/gcc/arm-none-eabi/10.3.1/thumb/v7e-m+fp/hard/crtn.o
OUTPUT(quintuna_RSM_app.elf elf32-littlearm)
LOAD linker stubs
LOAD /usr/local/bin/../lib/gcc/arm-none-eabi/10.3.1/../../../../arm-none-eabi/lib/thumb/v7e-m+fp/hard/libc.a
LOAD /usr/local/bin/../lib/gcc/arm-none-eabi/10.3.1/../../../../arm-none-eabi/lib/thumb/v7e-m+fp/hard/libm.a
LOAD /usr/local/bin/../lib/gcc/arm-none-eabi/10.3.1/thumb/v7e-m+fp/hard/libgcc.a

.debug_info     0x0000000000000000     0xd3d5
 .debug_info    0x0000000000000000      0x758 CMakeFiles/quintuna_RSM_app.elf.dir/src/cubemx/Src/main.c.obj
 .debug_info    0x0000000000000758      0x4f3 CMakeFiles/quintuna_RSM_app.elf.dir/src/cubemx/Src/stm32f4xx_hal_msp.c.obj
 .debug_info    0x0000000000000c4b      0x108 CMakeFiles/quintuna_RSM_app.elf.dir/src/cubemx/Src/stm32f4xx_it.c.obj
 .debug_info    0x0000000000000d53      0x552 CMakeFiles/quintuna_RSM_app.elf.dir/src/cubemx/Src/system_stm32f4xx.c.obj
 .debug_info    0x00000000000012a5      0xe0f libquintuna_RSM_stm32cube.a(stm32f4xx_hal_cortex.c.obj)
 .debug_info    0x00000000000020b4      0x7df libquintuna_RSM_stm32cube.a(stm32f4xx_hal_rcc_ex.c.obj)
 .debug_info    0x0000000000002893      0x968 libquintuna_RSM_stm32cube.a(stm32f4xx_hal_rcc.c.obj)
 .debug_info    0x00000000000031fb      0x930 libquintuna_RSM_stm32cube.a(stm32f4xx_hal.c.obj)
 .debug_info    0x0000000000003b2b     0x344b libquintuna_RSM_stm32cube.a(cmsis_os2.c.obj)
 .debug_info    0x0000000000006f76      0x2d6 libquintuna_RSM_stm32cube.a(list.c.obj)
 .debug_info    0x000000000000724c      0x4eb libquintuna_RSM_stm32cube.a(port.c.obj)
 .debug_info    0x0000000000007737     0x1b0b libquintuna_RSM_stm32cube.a(queue.c.obj)
 .debug_info    0x0000000000009242     0x2226 libquintuna_RSM_stm32cube.a(tasks.c.obj)
 .debug_info    0x000000000000b468     0x134f libquintuna_RSM_stm32cube.a(timers.c.obj)
 .debug_info    0x000000000000c7b7       0x22 libquintuna_RSM_stm32cube.a(startup_stm32f412rx.s.obj)
 .debug_info    0x000000000000c7d9      0xbfc libquintuna_RSM_stm32cube.a(heap_useNewLib.c.obj)

.debug_abbrev   0x0000000000000000     0x1f7c
 .debug_abbrev  0x0000000000000000      0x1ca CMakeFiles/quintuna_RSM_app.elf.dir/src/cubemx/Src/main.c.obj
 .debug_abbrev  0x00000000000001ca       0xf9 CMakeFiles/quintuna_RSM_app.elf.dir/src/cubemx/Src/stm32f4xx_hal_msp.c.obj
 .debug_abbrev  0x00000000000002c3       0x70 CMakeFiles/quintuna_RSM_app.elf.dir/src/cubemx/Src/stm32f4xx_it.c.obj
 .debug_abbrev  0x0000000000000333      0x110 CMakeFiles/quintuna_RSM_app.elf.dir/src/cubemx/Src/system_stm32f4xx.c.obj
 .debug_abbrev  0x0000000000000443      0x2c2 libquintuna_RSM_stm32cube.a(stm32f4xx_hal_cortex.c.obj)
 .debug_abbrev  0x0000000000000705      0x1a6 libquintuna_RSM_stm32cube.a(stm32f4xx_hal_rcc_ex.c.obj)
 .debug_abbrev  0x00000000000008ab      0x228 libquintuna_RSM_stm32cube.a(stm32f4xx_hal_rcc.c.obj)
 .debug_abbrev  0x0000000000000ad3      0x19c libquintuna_RSM_stm32cube.a(stm32f4xx_hal.c.obj)
 .debug_abbrev  0x0000000000000c6f      0x43e libquintuna_RSM_stm32cube.a(cmsis_os2.c.obj)
 .debug_abbrev  0x00000000000010ad       0xf2 libquintuna_RSM_stm32cube.a(list.c.obj)
 .debug_abbrev  0x000000000000119f      0x231 libquintuna_RSM_stm32cube.a(port.c.obj)
 .debug_abbrev  0x00000000000013d0      0x2e9 libquintuna_RSM_stm32cube.a(queue.c.obj)
 .debug_abbrev  0x00000000000016b9      0x2e8 libquintuna_RSM_stm32cube.a(tasks.c.obj)
 .debug_abbrev  0x00000000000019a1      0x2ae libquintuna_RSM_stm32cube.a(timers.c.obj)
 .debug_abbrev  0x0000000000001c4f       0x12 libquintuna_RSM_stm32cube.a(startup_stm32f412rx.s.obj)
 .debug_abbrev  0x0000000000001c61      0x31b libquintuna_RSM_stm32cube.a(heap_useNewLib.c.obj)

.debug_aranges  0x0000000000000000      0xc20
 .debug_aranges
                0x0000000000000000       0x38 CMakeFiles/quintuna_RSM_app.elf.dir/src/cubemx/Src/main.c.obj
 .debug_aranges
                0x0000000000000038       0x20 CMakeFiles/quintuna_RSM_app.elf.dir/src/cubemx/Src/stm32f4xx_hal_msp.c.obj
 .debug_aranges
                0x0000000000000058       0x50 CMakeFiles/quintuna_RSM_app.elf.dir/src/cubemx/Src/stm32f4xx_it.c.obj
 .debug_aranges
                0x00000000000000a8       0x28 CMakeFiles/quintuna_RSM_app.elf.dir/src/cubemx/Src/system_stm32f4xx.c.obj
 .debug_aranges
                0x00000000000000d0      0x118 libquintuna_RSM_stm32cube.a(stm32f4xx_hal_cortex.c.obj)
 .debug_aranges
                0x00000000000001e8       0x60 libquintuna_RSM_stm32cube.a(stm32f4xx_hal_rcc_ex.c.obj)
 .debug_aranges
                0x0000000000000248       0x88 libquintuna_RSM_stm32cube.a(stm32f4xx_hal_rcc.c.obj)
 .debug_aranges
                0x00000000000002d0       0xf0 libquintuna_RSM_stm32cube.a(stm32f4xx_hal.c.obj)
 .debug_aranges
                0x00000000000003c0      0x2a8 libquintuna_RSM_stm32cube.a(cmsis_os2.c.obj)
 .debug_aranges
                0x0000000000000668       0x40 libquintuna_RSM_stm32cube.a(list.c.obj)
 .debug_aranges
                0x00000000000006a8       0x80 libquintuna_RSM_stm32cube.a(port.c.obj)
 .debug_aranges
                0x0000000000000728      0x158 libquintuna_RSM_stm32cube.a(queue.c.obj)
 .debug_aranges
                0x0000000000000880      0x208 libquintuna_RSM_stm32cube.a(tasks.c.obj)
 .debug_aranges
                0x0000000000000a88       0xf0 libquintuna_RSM_stm32cube.a(timers.c.obj)
 .debug_aranges
                0x0000000000000b78       0x28 libquintuna_RSM_stm32cube.a(startup_stm32f412rx.s.obj)
 .debug_aranges
                0x0000000000000ba0       0x80 libquintuna_RSM_stm32cube.a(heap_useNewLib.c.obj)

.debug_ranges   0x0000000000000000      0xb28
 .debug_ranges  0x0000000000000000       0x28 CMakeFiles/quintuna_RSM_app.elf.dir/src/cubemx/Src/main.c.obj
 .debug_ranges  0x0000000000000028       0x10 CMakeFiles/quintuna_RSM_app.elf.dir/src/cubemx/Src/stm32f4xx_hal_msp.c.obj
 .debug_ranges  0x0000000000000038       0x40 CMakeFiles/quintuna_RSM_app.elf.dir/src/cubemx/Src/stm32f4xx_it.c.obj
 .debug_ranges  0x0000000000000078       0x18 CMakeFiles/quintuna_RSM_app.elf.dir/src/cubemx/Src/system_stm32f4xx.c.obj
 .debug_ranges  0x0000000000000090      0x108 libquintuna_RSM_stm32cube.a(stm32f4xx_hal_cortex.c.obj)
 .debug_ranges  0x0000000000000198       0x50 libquintuna_RSM_stm32cube.a(stm32f4xx_hal_rcc_ex.c.obj)
 .debug_ranges  0x00000000000001e8       0x78 libquintuna_RSM_stm32cube.a(stm32f4xx_hal_rcc.c.obj)
 .debug_ranges  0x0000000000000260       0xe0 libquintuna_RSM_stm32cube.a(stm32f4xx_hal.c.obj)
 .debug_ranges  0x0000000000000340      0x298 libquintuna_RSM_stm32cube.a(cmsis_os2.c.obj)
 .debug_ranges  0x00000000000005d8       0x30 libquintuna_RSM_stm32cube.a(list.c.obj)
 .debug_ranges  0x0000000000000608       0x70 libquintuna_RSM_stm32cube.a(port.c.obj)
 .debug_ranges  0x0000000000000678      0x148 libquintuna_RSM_stm32cube.a(queue.c.obj)
 .debug_ranges  0x00000000000007c0      0x1f8 libquintuna_RSM_stm32cube.a(tasks.c.obj)
 .debug_ranges  0x00000000000009b8       0xe0 libquintuna_RSM_stm32cube.a(timers.c.obj)
 .debug_ranges  0x0000000000000a98       0x20 libquintuna_RSM_stm32cube.a(startup_stm32f412rx.s.obj)
 .debug_ranges  0x0000000000000ab8       0x70 libquintuna_RSM_stm32cube.a(heap_useNewLib.c.obj)

.debug_macro    0x0000000000000000     0x24c6
 .debug_macro   0x0000000000000000      0x24a CMakeFiles/quintuna_RSM_app.elf.dir/src/cubemx/Src/main.c.obj
 .debug_macro   0x000000000000024a      0x169 CMakeFiles/quintuna_RSM_app.elf.dir/src/cubemx/Src/main.c.obj
 .debug_macro   0x00000000000003b3       0x66 CMakeFiles/quintuna_RSM_app.elf.dir/src/cubemx/Src/main.c.obj
 .debug_macro   0x0000000000000419       0x74 CMakeFiles/quintuna_RSM_app.elf.dir/src/cubemx/Src/main.c.obj
 .debug_macro   0x000000000000048d       0xdd CMakeFiles/quintuna_RSM_app.elf.dir/src/cubemx/Src/main.c.obj
 .debug_macro   0x000000000000056a      0x1ba CMakeFiles/quintuna_RSM_app.elf.dir/src/cubemx/Src/stm32f4xx_hal_msp.c.obj
 .debug_macro   0x0000000000000724      0x22c CMakeFiles/quintuna_RSM_app.elf.dir/src/cubemx/Src/stm32f4xx_it.c.obj
 .debug_macro   0x0000000000000950      0x1b0 CMakeFiles/quintuna_RSM_app.elf.dir/src/cubemx/Src/system_stm32f4xx.c.obj
 .debug_macro   0x0000000000000b00      0x1b0 libquintuna_RSM_stm32cube.a(stm32f4xx_hal_cortex.c.obj)
 .debug_macro   0x0000000000000cb0      0x1b0 libquintuna_RSM_stm32cube.a(stm32f4xx_hal_rcc_ex.c.obj)
 .debug_macro   0x0000000000000e60      0x1d4 libquintuna_RSM_stm32cube.a(stm32f4xx_hal_rcc.c.obj)
 .debug_macro   0x0000000000001034      0x210 libquintuna_RSM_stm32cube.a(stm32f4xx_hal.c.obj)
 .debug_macro   0x0000000000001244      0x3a2 libquintuna_RSM_stm32cube.a(cmsis_os2.c.obj)
 .debug_macro   0x00000000000015e6       0x10 libquintuna_RSM_stm32cube.a(cmsis_os2.c.obj)
 .debug_macro   0x00000000000015f6       0x10 libquintuna_RSM_stm32cube.a(cmsis_os2.c.obj)
 .debug_macro   0x0000000000001606       0xd3 libquintuna_RSM_stm32cube.a(cmsis_os2.c.obj)
 .debug_macro   0x00000000000016d9       0x91 libquintuna_RSM_stm32cube.a(cmsis_os2.c.obj)
 .debug_macro   0x000000000000176a       0x8d libquintuna_RSM_stm32cube.a(cmsis_os2.c.obj)
 .debug_macro   0x00000000000017f7       0x22 libquintuna_RSM_stm32cube.a(cmsis_os2.c.obj)
 .debug_macro   0x0000000000001819      0x187 libquintuna_RSM_stm32cube.a(list.c.obj)
 .debug_macro   0x00000000000019a0      0x196 libquintuna_RSM_stm32cube.a(port.c.obj)
 .debug_macro   0x0000000000001b36      0x211 libquintuna_RSM_stm32cube.a(queue.c.obj)
 .debug_macro   0x0000000000001d47       0x16 libquintuna_RSM_stm32cube.a(queue.c.obj)
 .debug_macro   0x0000000000001d5d      0x27a libquintuna_RSM_stm32cube.a(tasks.c.obj)
 .debug_macro   0x0000000000001fd7       0x10 libquintuna_RSM_stm32cube.a(tasks.c.obj)
 .debug_macro   0x0000000000001fe7      0x1dc libquintuna_RSM_stm32cube.a(timers.c.obj)
 .debug_macro   0x00000000000021c3       0x97 libquintuna_RSM_stm32cube.a(timers.c.obj)
 .debug_macro   0x000000000000225a      0x1fe libquintuna_RSM_stm32cube.a(heap_useNewLib.c.obj)
 .debug_macro   0x0000000000002458       0x10 libquintuna_RSM_stm32cube.a(heap_useNewLib.c.obj)
 .debug_macro   0x0000000000002468       0x3c libquintuna_RSM_stm32cube.a(heap_useNewLib.c.obj)
 .debug_macro   0x00000000000024a4       0x22 libquintuna_RSM_stm32cube.a(heap_useNewLib.c.obj)

.debug_line     0x0000000000000000     0xc449
 .debug_line    0x0000000000000000      0x928 CMakeFiles/quintuna_RSM_app.elf.dir/src/cubemx/Src/main.c.obj
 .debug_line    0x0000000000000928      0x644 CMakeFiles/quintuna_RSM_app.elf.dir/src/cubemx/Src/stm32f4xx_hal_msp.c.obj
 .debug_line    0x0000000000000f6c      0x899 CMakeFiles/quintuna_RSM_app.elf.dir/src/cubemx/Src/stm32f4xx_it.c.obj
 .debug_line    0x0000000000001805      0x6c6 CMakeFiles/quintuna_RSM_app.elf.dir/src/cubemx/Src/system_stm32f4xx.c.obj
 .debug_line    0x0000000000001ecb      0xbe0 libquintuna_RSM_stm32cube.a(stm32f4xx_hal_cortex.c.obj)
 .debug_line    0x0000000000002aab      0xf53 libquintuna_RSM_stm32cube.a(stm32f4xx_hal_rcc_ex.c.obj)
 .debug_line    0x00000000000039fe      0xcb7 libquintuna_RSM_stm32cube.a(stm32f4xx_hal_rcc.c.obj)
 .debug_line    0x00000000000046b5      0x931 libquintuna_RSM_stm32cube.a(stm32f4xx_hal.c.obj)
 .debug_line    0x0000000000004fe6     0x2343 libquintuna_RSM_stm32cube.a(cmsis_os2.c.obj)
 .debug_line    0x0000000000007329      0x59b libquintuna_RSM_stm32cube.a(list.c.obj)
 .debug_line    0x00000000000078c4      0x676 libquintuna_RSM_stm32cube.a(port.c.obj)
 .debug_line    0x0000000000007f3a     0x1565 libquintuna_RSM_stm32cube.a(queue.c.obj)
 .debug_line    0x000000000000949f     0x1c1a libquintuna_RSM_stm32cube.a(tasks.c.obj)
 .debug_line    0x000000000000b0b9      0xbfb libquintuna_RSM_stm32cube.a(timers.c.obj)
 .debug_line    0x000000000000bcb4      0x107 libquintuna_RSM_stm32cube.a(startup_stm32f412rx.s.obj)
 .debug_line    0x000000000000bdbb      0x68e libquintuna_RSM_stm32cube.a(heap_useNewLib.c.obj)

.debug_str      0x0000000000000000    0xc0e8b
 .debug_str     0x0000000000000000    0xb6529 CMakeFiles/quintuna_RSM_app.elf.dir/src/cubemx/Src/main.c.obj
                                      0xb67e5 (size before relaxing)
 .debug_str     0x00000000000b6529      0x520 CMakeFiles/quintuna_RSM_app.elf.dir/src/cubemx/Src/stm32f4xx_hal_msp.c.obj
                                      0xb1d51 (size before relaxing)
 .debug_str     0x00000000000b6a49       0xf2 CMakeFiles/quintuna_RSM_app.elf.dir/src/cubemx/Src/stm32f4xx_it.c.obj
                                      0xb5581 (size before relaxing)
 .debug_str     0x00000000000b6b3b      0x12b CMakeFiles/quintuna_RSM_app.elf.dir/src/cubemx/Src/system_stm32f4xx.c.obj
                                      0xb1939 (size before relaxing)
 .debug_str     0x00000000000b6c66      0x402 libquintuna_RSM_stm32cube.a(stm32f4xx_hal_cortex.c.obj)
                                      0xb21ad (size before relaxing)
 .debug_str     0x00000000000b7068      0x30d libquintuna_RSM_stm32cube.a(stm32f4xx_hal_rcc_ex.c.obj)
                                      0xb1c60 (size before relaxing)
 .debug_str     0x00000000000b7375      0x2ec libquintuna_RSM_stm32cube.a(stm32f4xx_hal_rcc.c.obj)
                                      0xb1d52 (size before relaxing)
 .debug_str     0x00000000000b7661      0x60a libquintuna_RSM_stm32cube.a(stm32f4xx_hal.c.obj)
                                      0xb244f (size before relaxing)
 .debug_str     0x00000000000b7c6b     0x598d libquintuna_RSM_stm32cube.a(cmsis_os2.c.obj)
                                      0xbbbfa (size before relaxing)
 .debug_str     0x00000000000bd5f8      0x266 libquintuna_RSM_stm32cube.a(list.c.obj)
                                       0xa76d (size before relaxing)
 .debug_str     0x00000000000bd85e      0x89a libquintuna_RSM_stm32cube.a(port.c.obj)
                                       0x86dd (size before relaxing)
 .debug_str     0x00000000000be0f8      0x98d libquintuna_RSM_stm32cube.a(queue.c.obj)
                                       0xc09a (size before relaxing)
 .debug_str     0x00000000000bea85     0x12f2 libquintuna_RSM_stm32cube.a(tasks.c.obj)
                                       0xcbfc (size before relaxing)
 .debug_str     0x00000000000bfd77      0x677 libquintuna_RSM_stm32cube.a(timers.c.obj)
                                       0xc667 (size before relaxing)
 .debug_str     0x00000000000c03ee       0xb5 libquintuna_RSM_stm32cube.a(startup_stm32f412rx.s.obj)
                                        0x10f (size before relaxing)
 .debug_str     0x00000000000c04a3      0x9e8 libquintuna_RSM_stm32cube.a(heap_useNewLib.c.obj)
                                       0xb839 (size before relaxing)

.comment        0x0000000000000000       0x49
 .comment       0x0000000000000000       0x49 CMakeFiles/quintuna_RSM_app.elf.dir/src/cubemx/Src/main.c.obj
                                         0x4a (size before relaxing)
 .comment       0x0000000000000049       0x4a CMakeFiles/quintuna_RSM_app.elf.dir/src/cubemx/Src/stm32f4xx_hal_msp.c.obj
 .comment       0x0000000000000049       0x4a CMakeFiles/quintuna_RSM_app.elf.dir/src/cubemx/Src/stm32f4xx_it.c.obj
 .comment       0x0000000000000049       0x4a CMakeFiles/quintuna_RSM_app.elf.dir/src/cubemx/Src/system_stm32f4xx.c.obj
 .comment       0x0000000000000049       0x4a libquintuna_RSM_stm32cube.a(stm32f4xx_hal_cortex.c.obj)
 .comment       0x0000000000000049       0x4a libquintuna_RSM_stm32cube.a(stm32f4xx_hal_rcc_ex.c.obj)
 .comment       0x0000000000000049       0x4a libquintuna_RSM_stm32cube.a(stm32f4xx_hal_rcc.c.obj)
 .comment       0x0000000000000049       0x4a libquintuna_RSM_stm32cube.a(stm32f4xx_hal.c.obj)
 .comment       0x0000000000000049       0x4a libquintuna_RSM_stm32cube.a(cmsis_os2.c.obj)
 .comment       0x0000000000000049       0x4a libquintuna_RSM_stm32cube.a(list.c.obj)
 .comment       0x0000000000000049       0x4a libquintuna_RSM_stm32cube.a(port.c.obj)
 .comment       0x0000000000000049       0x4a libquintuna_RSM_stm32cube.a(queue.c.obj)
 .comment       0x0000000000000049       0x4a libquintuna_RSM_stm32cube.a(tasks.c.obj)
 .comment       0x0000000000000049       0x4a libquintuna_RSM_stm32cube.a(timers.c.obj)
 .comment       0x0000000000000049       0x4a libquintuna_RSM_stm32cube.a(heap_useNewLib.c.obj)

.debug_frame    0x0000000000000000     0x3174
 .debug_frame   0x0000000000000000       0x88 CMakeFiles/quintuna_RSM_app.elf.dir/src/cubemx/Src/main.c.obj
 .debug_frame   0x0000000000000088       0x34 CMakeFiles/quintuna_RSM_app.elf.dir/src/cubemx/Src/stm32f4xx_hal_msp.c.obj
 .debug_frame   0x00000000000000bc       0xc4 CMakeFiles/quintuna_RSM_app.elf.dir/src/cubemx/Src/stm32f4xx_it.c.obj
 .debug_frame   0x0000000000000180       0x58 CMakeFiles/quintuna_RSM_app.elf.dir/src/cubemx/Src/system_stm32f4xx.c.obj
 .debug_frame   0x00000000000001d8      0x498 libquintuna_RSM_stm32cube.a(stm32f4xx_hal_cortex.c.obj)
 .debug_frame   0x0000000000000670      0x16c libquintuna_RSM_stm32cube.a(stm32f4xx_hal_rcc_ex.c.obj)
 .debug_frame   0x00000000000007dc      0x1f4 libquintuna_RSM_stm32cube.a(stm32f4xx_hal_rcc.c.obj)
 .debug_frame   0x00000000000009d0      0x374 libquintuna_RSM_stm32cube.a(stm32f4xx_hal.c.obj)
 .debug_frame   0x0000000000000d44      0xbc8 libquintuna_RSM_stm32cube.a(cmsis_os2.c.obj)
 .debug_frame   0x000000000000190c       0xd8 libquintuna_RSM_stm32cube.a(list.c.obj)
 .debug_frame   0x00000000000019e4      0x1a8 libquintuna_RSM_stm32cube.a(port.c.obj)
 .debug_frame   0x0000000000001b8c      0x5ec libquintuna_RSM_stm32cube.a(queue.c.obj)
 .debug_frame   0x0000000000002178      0x8f0 libquintuna_RSM_stm32cube.a(tasks.c.obj)
 .debug_frame   0x0000000000002a68      0x400 libquintuna_RSM_stm32cube.a(timers.c.obj)
 .debug_frame   0x0000000000002e68      0x1d0 libquintuna_RSM_stm32cube.a(heap_useNewLib.c.obj)
 .debug_frame   0x0000000000003038       0x2c /usr/local/bin/../lib/gcc/arm-none-eabi/10.3.1/thumb/v7e-m+fp/hard/libgcc.a(_aeabi_uldivmod.o)
 .debug_frame   0x0000000000003064       0x34 /usr/local/bin/../lib/gcc/arm-none-eabi/10.3.1/thumb/v7e-m+fp/hard/libgcc.a(_udivmoddi4.o)
 .debug_frame   0x0000000000003098       0x30 /usr/local/bin/../lib/gcc/arm-none-eabi/10.3.1/../../../../arm-none-eabi/lib/thumb/v7e-m+fp/hard/libg_nano.a(lib_a-malloc.o)
 .debug_frame   0x00000000000030c8       0x28 /usr/local/bin/../lib/gcc/arm-none-eabi/10.3.1/../../../../arm-none-eabi/lib/thumb/v7e-m+fp/hard/libg_nano.a(lib_a-memcpy-stub.o)
 .debug_frame   0x00000000000030f0       0x38 /usr/local/bin/../lib/gcc/arm-none-eabi/10.3.1/../../../../arm-none-eabi/lib/thumb/v7e-m+fp/hard/libg_nano.a(lib_a-nano-freer.o)
 .debug_frame   0x0000000000003128       0x4c /usr/local/bin/../lib/gcc/arm-none-eabi/10.3.1/../../../../arm-none-eabi/lib/thumb/v7e-m+fp/hard/libg_nano.a(lib_a-nano-mallocr.o)
