/Users/pranayo/UBCFomulaElectric/Consolidated-Firmware/build_fw_dev/_deps/stm32cubef4-src/Drivers/STM32F4xx_HAL_Driver/Inc/stm32f4xx_hal.h:219:19:HAL_Init	8	static
/Users/pranayo/UBCFomulaElectric/Consolidated-Firmware/build_fw_dev/_deps/stm32cubef4-src/Drivers/STM32F4xx_HAL_Driver/Inc/stm32f4xx_hal.h:220:19:HAL_DeInit	8	static
/Users/pranayo/UBCFomulaElectric/Consolidated-Firmware/build_fw_dev/_deps/stm32cubef4-src/Drivers/STM32F4xx_HAL_Driver/Inc/stm32f4xx_hal.h:221:6:HAL_MspInit	4	static
/Users/pranayo/UBCFomulaElectric/Consolidated-Firmware/build_fw_dev/_deps/stm32cubef4-src/Drivers/STM32F4xx_HAL_Driver/Inc/stm32f4xx_hal.h:222:6:HAL_MspDeInit	4	static
/Users/pranayo/UBCFomulaElectric/Consolidated-Firmware/build_fw_dev/_deps/stm32cubef4-src/Drivers/STM32F4xx_HAL_Driver/Inc/stm32f4xx_hal.h:223:19:HAL_InitTick	16	static
/Users/pranayo/UBCFomulaElectric/Consolidated-Firmware/build_fw_dev/_deps/stm32cubef4-src/Drivers/STM32F4xx_HAL_Driver/Inc/stm32f4xx_hal.h:232:6:HAL_IncTick	4	static
/Users/pranayo/UBCFomulaElectric/Consolidated-Firmware/build_fw_dev/_deps/stm32cubef4-src/Drivers/STM32F4xx_HAL_Driver/Inc/stm32f4xx_hal.h:234:10:HAL_GetTick	4	static
/Users/pranayo/UBCFomulaElectric/Consolidated-Firmware/build_fw_dev/_deps/stm32cubef4-src/Drivers/STM32F4xx_HAL_Driver/Inc/stm32f4xx_hal.h:235:10:HAL_GetTickPrio	4	static
/Users/pranayo/UBCFomulaElectric/Consolidated-Firmware/build_fw_dev/_deps/stm32cubef4-src/Drivers/STM32F4xx_HAL_Driver/Inc/stm32f4xx_hal.h:236:19:HAL_SetTickFreq	24	static
/Users/pranayo/UBCFomulaElectric/Consolidated-Firmware/build_fw_dev/_deps/stm32cubef4-src/Drivers/STM32F4xx_HAL_Driver/Inc/stm32f4xx_hal.h:237:21:HAL_GetTickFreq	4	static
/Users/pranayo/UBCFomulaElectric/Consolidated-Firmware/build_fw_dev/_deps/stm32cubef4-src/Drivers/STM32F4xx_HAL_Driver/Inc/stm32f4xx_hal.h:233:6:HAL_Delay	24	static
/Users/pranayo/UBCFomulaElectric/Consolidated-Firmware/build_fw_dev/_deps/stm32cubef4-src/Drivers/STM32F4xx_HAL_Driver/Inc/stm32f4xx_hal.h:238:6:HAL_SuspendTick	4	static
/Users/pranayo/UBCFomulaElectric/Consolidated-Firmware/build_fw_dev/_deps/stm32cubef4-src/Drivers/STM32F4xx_HAL_Driver/Inc/stm32f4xx_hal.h:239:6:HAL_ResumeTick	4	static
/Users/pranayo/UBCFomulaElectric/Consolidated-Firmware/build_fw_dev/_deps/stm32cubef4-src/Drivers/STM32F4xx_HAL_Driver/Inc/stm32f4xx_hal.h:240:10:HAL_GetHalVersion	4	static
/Users/pranayo/UBCFomulaElectric/Consolidated-Firmware/build_fw_dev/_deps/stm32cubef4-src/Drivers/STM32F4xx_HAL_Driver/Inc/stm32f4xx_hal.h:241:10:HAL_GetREVID	4	static
/Users/pranayo/UBCFomulaElectric/Consolidated-Firmware/build_fw_dev/_deps/stm32cubef4-src/Drivers/STM32F4xx_HAL_Driver/Inc/stm32f4xx_hal.h:242:10:HAL_GetDEVID	4	static
/Users/pranayo/UBCFomulaElectric/Consolidated-Firmware/build_fw_dev/_deps/stm32cubef4-src/Drivers/STM32F4xx_HAL_Driver/Inc/stm32f4xx_hal.h:243:6:HAL_DBGMCU_EnableDBGSleepMode	4	static
/Users/pranayo/UBCFomulaElectric/Consolidated-Firmware/build_fw_dev/_deps/stm32cubef4-src/Drivers/STM32F4xx_HAL_Driver/Inc/stm32f4xx_hal.h:244:6:HAL_DBGMCU_DisableDBGSleepMode	4	static
/Users/pranayo/UBCFomulaElectric/Consolidated-Firmware/build_fw_dev/_deps/stm32cubef4-src/Drivers/STM32F4xx_HAL_Driver/Inc/stm32f4xx_hal.h:245:6:HAL_DBGMCU_EnableDBGStopMode	4	static
/Users/pranayo/UBCFomulaElectric/Consolidated-Firmware/build_fw_dev/_deps/stm32cubef4-src/Drivers/STM32F4xx_HAL_Driver/Inc/stm32f4xx_hal.h:246:6:HAL_DBGMCU_DisableDBGStopMode	4	static
/Users/pranayo/UBCFomulaElectric/Consolidated-Firmware/build_fw_dev/_deps/stm32cubef4-src/Drivers/STM32F4xx_HAL_Driver/Inc/stm32f4xx_hal.h:247:6:HAL_DBGMCU_EnableDBGStandbyMode	4	static
/Users/pranayo/UBCFomulaElectric/Consolidated-Firmware/build_fw_dev/_deps/stm32cubef4-src/Drivers/STM32F4xx_HAL_Driver/Inc/stm32f4xx_hal.h:248:6:HAL_DBGMCU_DisableDBGStandbyMode	4	static
/Users/pranayo/UBCFomulaElectric/Consolidated-Firmware/build_fw_dev/_deps/stm32cubef4-src/Drivers/STM32F4xx_HAL_Driver/Inc/stm32f4xx_hal.h:249:6:HAL_EnableCompensationCell	4	static
/Users/pranayo/UBCFomulaElectric/Consolidated-Firmware/build_fw_dev/_deps/stm32cubef4-src/Drivers/STM32F4xx_HAL_Driver/Inc/stm32f4xx_hal.h:250:6:HAL_DisableCompensationCell	4	static
/Users/pranayo/UBCFomulaElectric/Consolidated-Firmware/build_fw_dev/_deps/stm32cubef4-src/Drivers/STM32F4xx_HAL_Driver/Inc/stm32f4xx_hal.h:251:10:HAL_GetUIDw0	4	static
/Users/pranayo/UBCFomulaElectric/Consolidated-Firmware/build_fw_dev/_deps/stm32cubef4-src/Drivers/STM32F4xx_HAL_Driver/Inc/stm32f4xx_hal.h:252:10:HAL_GetUIDw1	4	static
/Users/pranayo/UBCFomulaElectric/Consolidated-Firmware/build_fw_dev/_deps/stm32cubef4-src/Drivers/STM32F4xx_HAL_Driver/Inc/stm32f4xx_hal.h:253:10:HAL_GetUIDw2	4	static
