/Users/pranayo/UBCFomulaElectric/Consolidated-Firmware/build_fw_dev/_deps/segger_systemview-src/SEGGER/SEGGER_SYSVIEW.c:423:12:_EncodeData	32	static
/Users/pranayo/UBCFomulaElectric/Consolidated-Firmware/build_fw_dev/_deps/segger_systemview-src/SEGGER/SEGGER_SYSVIEW.c:462:12:_EncodeFloat	32	static
/Users/pranayo/UBCFomulaElectric/Consolidated-Firmware/build_fw_dev/_deps/segger_systemview-src/SEGGER/SEGGER_SYSVIEW.c:502:12:_EncodeStr	32	static
/Users/pranayo/UBCFomulaElectric/Consolidated-Firmware/build_fw_dev/_deps/segger_systemview-src/SEGGER/SEGGER_SYSVIEW.c:560:12:_PreparePacket	16	static
/Users/pranayo/UBCFomulaElectric/Consolidated-Firmware/build_fw_dev/_deps/segger_systemview-src/SEGGER/SEGGER_SYSVIEW.c:577:13:_HandleIncomingPacket	16	static
/Users/pranayo/UBCFomulaElectric/Consolidated-Firmware/build_fw_dev/_deps/segger_systemview-src/SEGGER/SEGGER_SYSVIEW.c:644:12:_TrySendOverflowPacket	56	static
/Users/pranayo/UBCFomulaElectric/Consolidated-Firmware/build_fw_dev/_deps/segger_systemview-src/SEGGER/SEGGER_SYSVIEW.c:748:13:_SendPacket	48	static
/Users/pranayo/UBCFomulaElectric/Consolidated-Firmware/build_fw_dev/_deps/segger_systemview-src/SEGGER/SEGGER_SYSVIEW.c:953:12:_VPrintHost	144	static
/Users/pranayo/UBCFomulaElectric/Consolidated-Firmware/build_fw_dev/_deps/segger_systemview-src/SEGGER/SEGGER_SYSVIEW.c:1034:13:_StoreChar	48	static
/Users/pranayo/UBCFomulaElectric/Consolidated-Firmware/build_fw_dev/_deps/segger_systemview-src/SEGGER/SEGGER_SYSVIEW.c:1076:13:_PrintUnsigned	48	static
/Users/pranayo/UBCFomulaElectric/Consolidated-Firmware/build_fw_dev/_deps/segger_systemview-src/SEGGER/SEGGER_SYSVIEW.c:1167:13:_PrintInt	40	static
/Users/pranayo/UBCFomulaElectric/Consolidated-Firmware/build_fw_dev/_deps/segger_systemview-src/SEGGER/SEGGER_SYSVIEW.c:1240:13:_VPrintTarget	104	static
/Users/pranayo/UBCFomulaElectric/Consolidated-Firmware/build_fw_dev/_deps/segger_systemview-src/SEGGER/SEGGER_SYSVIEW.c:1431:6:SEGGER_SYSVIEW_Init	32	static
/Users/pranayo/UBCFomulaElectric/Consolidated-Firmware/build_fw_dev/_deps/segger_systemview-src/SEGGER/SEGGER_SYSVIEW.c:1482:6:SEGGER_SYSVIEW_SetRAMBase	16	static
/Users/pranayo/UBCFomulaElectric/Consolidated-Firmware/build_fw_dev/_deps/segger_systemview-src/SEGGER/SEGGER_SYSVIEW.c:1496:6:SEGGER_SYSVIEW_RecordVoid	24	static
/Users/pranayo/UBCFomulaElectric/Consolidated-Firmware/build_fw_dev/_deps/segger_systemview-src/SEGGER/SEGGER_SYSVIEW.c:1516:6:SEGGER_SYSVIEW_RecordU32	40	static
/Users/pranayo/UBCFomulaElectric/Consolidated-Firmware/build_fw_dev/_deps/segger_systemview-src/SEGGER/SEGGER_SYSVIEW.c:1539:6:SEGGER_SYSVIEW_RecordU32x2	56	static
/Users/pranayo/UBCFomulaElectric/Consolidated-Firmware/build_fw_dev/_deps/segger_systemview-src/SEGGER/SEGGER_SYSVIEW.c:1564:6:SEGGER_SYSVIEW_RecordU32x3	64	static
/Users/pranayo/UBCFomulaElectric/Consolidated-Firmware/build_fw_dev/_deps/segger_systemview-src/SEGGER/SEGGER_SYSVIEW.c:1591:6:SEGGER_SYSVIEW_RecordU32x4	72	static
/Users/pranayo/UBCFomulaElectric/Consolidated-Firmware/build_fw_dev/_deps/segger_systemview-src/SEGGER/SEGGER_SYSVIEW.c:1620:6:SEGGER_SYSVIEW_RecordU32x5	80	static
/Users/pranayo/UBCFomulaElectric/Consolidated-Firmware/build_fw_dev/_deps/segger_systemview-src/SEGGER/SEGGER_SYSVIEW.c:1651:6:SEGGER_SYSVIEW_RecordU32x6	88	static
/Users/pranayo/UBCFomulaElectric/Consolidated-Firmware/build_fw_dev/_deps/segger_systemview-src/SEGGER/SEGGER_SYSVIEW.c:1684:6:SEGGER_SYSVIEW_RecordU32x7	96	static
/Users/pranayo/UBCFomulaElectric/Consolidated-Firmware/build_fw_dev/_deps/segger_systemview-src/SEGGER/SEGGER_SYSVIEW.c:1719:6:SEGGER_SYSVIEW_RecordU32x8	104	static
/Users/pranayo/UBCFomulaElectric/Consolidated-Firmware/build_fw_dev/_deps/segger_systemview-src/SEGGER/SEGGER_SYSVIEW.c:1756:6:SEGGER_SYSVIEW_RecordU32x9	112	static
/Users/pranayo/UBCFomulaElectric/Consolidated-Firmware/build_fw_dev/_deps/segger_systemview-src/SEGGER/SEGGER_SYSVIEW.c:1795:6:SEGGER_SYSVIEW_RecordU32x10	120	static
/Users/pranayo/UBCFomulaElectric/Consolidated-Firmware/build_fw_dev/_deps/segger_systemview-src/SEGGER/SEGGER_SYSVIEW.c:1830:6:SEGGER_SYSVIEW_RecordString	32	static
/Users/pranayo/UBCFomulaElectric/Consolidated-Firmware/build_fw_dev/_deps/segger_systemview-src/SEGGER/SEGGER_SYSVIEW.c:1866:6:SEGGER_SYSVIEW_Start	56	static
/Users/pranayo/UBCFomulaElectric/Consolidated-Firmware/build_fw_dev/_deps/segger_systemview-src/SEGGER/SEGGER_SYSVIEW.c:1921:6:SEGGER_SYSVIEW_Stop	16	static
/Users/pranayo/UBCFomulaElectric/Consolidated-Firmware/build_fw_dev/_deps/segger_systemview-src/SEGGER/SEGGER_SYSVIEW.c:1939:5:SEGGER_SYSVIEW_GetChannelID	4	static
/Users/pranayo/UBCFomulaElectric/Consolidated-Firmware/build_fw_dev/_deps/segger_systemview-src/SEGGER/SEGGER_SYSVIEW.c:1951:6:SEGGER_SYSVIEW_GetSysDesc	56	static
/Users/pranayo/UBCFomulaElectric/Consolidated-Firmware/build_fw_dev/_deps/segger_systemview-src/SEGGER/SEGGER_SYSVIEW.c:1979:6:SEGGER_SYSVIEW_SendTaskInfo	80	static
/Users/pranayo/UBCFomulaElectric/Consolidated-Firmware/build_fw_dev/_deps/segger_systemview-src/SEGGER/SEGGER_SYSVIEW.c:2011:6:SEGGER_SYSVIEW_SendStackInfo	64	static
/Users/pranayo/UBCFomulaElectric/Consolidated-Firmware/build_fw_dev/_deps/segger_systemview-src/SEGGER/SEGGER_SYSVIEW.c:2036:6:SEGGER_SYSVIEW_SampleData	40	static
/Users/pranayo/UBCFomulaElectric/Consolidated-Firmware/build_fw_dev/_deps/segger_systemview-src/SEGGER/SEGGER_SYSVIEW.c:2056:6:SEGGER_SYSVIEW_SendTaskList	8	static
/Users/pranayo/UBCFomulaElectric/Consolidated-Firmware/build_fw_dev/_deps/segger_systemview-src/SEGGER/SEGGER_SYSVIEW.c:2086:6:SEGGER_SYSVIEW_SendSysDesc	32	static
/Users/pranayo/UBCFomulaElectric/Consolidated-Firmware/build_fw_dev/_deps/segger_systemview-src/SEGGER/SEGGER_SYSVIEW.c:2104:6:SEGGER_SYSVIEW_RecordSystime	24	static
/Users/pranayo/UBCFomulaElectric/Consolidated-Firmware/build_fw_dev/_deps/segger_systemview-src/SEGGER/SEGGER_SYSVIEW.c:2128:6:SEGGER_SYSVIEW_RecordEnterISR	32	static
/Users/pranayo/UBCFomulaElectric/Consolidated-Firmware/build_fw_dev/_deps/segger_systemview-src/SEGGER/SEGGER_SYSVIEW.c:2155:6:SEGGER_SYSVIEW_RecordExitISR	16	static
/Users/pranayo/UBCFomulaElectric/Consolidated-Firmware/build_fw_dev/_deps/segger_systemview-src/SEGGER/SEGGER_SYSVIEW.c:2177:6:SEGGER_SYSVIEW_RecordExitISRToScheduler	16	static
/Users/pranayo/UBCFomulaElectric/Consolidated-Firmware/build_fw_dev/_deps/segger_systemview-src/SEGGER/SEGGER_SYSVIEW.c:2195:6:SEGGER_SYSVIEW_RecordEnterTimer	40	static
/Users/pranayo/UBCFomulaElectric/Consolidated-Firmware/build_fw_dev/_deps/segger_systemview-src/SEGGER/SEGGER_SYSVIEW.c:2213:6:SEGGER_SYSVIEW_RecordExitTimer	16	static
/Users/pranayo/UBCFomulaElectric/Consolidated-Firmware/build_fw_dev/_deps/segger_systemview-src/SEGGER/SEGGER_SYSVIEW.c:2231:6:SEGGER_SYSVIEW_RecordEndCall	40	static
/Users/pranayo/UBCFomulaElectric/Consolidated-Firmware/build_fw_dev/_deps/segger_systemview-src/SEGGER/SEGGER_SYSVIEW.c:2253:6:SEGGER_SYSVIEW_RecordEndCallU32	48	static
/Users/pranayo/UBCFomulaElectric/Consolidated-Firmware/build_fw_dev/_deps/segger_systemview-src/SEGGER/SEGGER_SYSVIEW.c:2272:6:SEGGER_SYSVIEW_OnIdle	16	static
/Users/pranayo/UBCFomulaElectric/Consolidated-Firmware/build_fw_dev/_deps/segger_systemview-src/SEGGER/SEGGER_SYSVIEW.c:2291:6:SEGGER_SYSVIEW_OnTaskCreate	40	static
/Users/pranayo/UBCFomulaElectric/Consolidated-Firmware/build_fw_dev/_deps/segger_systemview-src/SEGGER/SEGGER_SYSVIEW.c:2316:6:SEGGER_SYSVIEW_OnTaskTerminate	40	static
/Users/pranayo/UBCFomulaElectric/Consolidated-Firmware/build_fw_dev/_deps/segger_systemview-src/SEGGER/SEGGER_SYSVIEW.c:2340:6:SEGGER_SYSVIEW_OnTaskStartExec	40	static
/Users/pranayo/UBCFomulaElectric/Consolidated-Firmware/build_fw_dev/_deps/segger_systemview-src/SEGGER/SEGGER_SYSVIEW.c:2360:6:SEGGER_SYSVIEW_OnTaskStopExec	16	static
/Users/pranayo/UBCFomulaElectric/Consolidated-Firmware/build_fw_dev/_deps/segger_systemview-src/SEGGER/SEGGER_SYSVIEW.c:2378:6:SEGGER_SYSVIEW_OnTaskStartReady	40	static
/Users/pranayo/UBCFomulaElectric/Consolidated-Firmware/build_fw_dev/_deps/segger_systemview-src/SEGGER/SEGGER_SYSVIEW.c:2401:6:SEGGER_SYSVIEW_OnTaskStopReady	48	static
/Users/pranayo/UBCFomulaElectric/Consolidated-Firmware/build_fw_dev/_deps/segger_systemview-src/SEGGER/SEGGER_SYSVIEW.c:2424:6:SEGGER_SYSVIEW_MarkStart	40	static
/Users/pranayo/UBCFomulaElectric/Consolidated-Firmware/build_fw_dev/_deps/segger_systemview-src/SEGGER/SEGGER_SYSVIEW.c:2445:6:SEGGER_SYSVIEW_MarkStop	40	static
/Users/pranayo/UBCFomulaElectric/Consolidated-Firmware/build_fw_dev/_deps/segger_systemview-src/SEGGER/SEGGER_SYSVIEW.c:2466:6:SEGGER_SYSVIEW_Mark	48	static
/Users/pranayo/UBCFomulaElectric/Consolidated-Firmware/build_fw_dev/_deps/segger_systemview-src/SEGGER/SEGGER_SYSVIEW.c:2493:6:SEGGER_SYSVIEW_NameMarker	48	static
/Users/pranayo/UBCFomulaElectric/Consolidated-Firmware/build_fw_dev/_deps/segger_systemview-src/SEGGER/SEGGER_SYSVIEW.c:2521:6:SEGGER_SYSVIEW_NameResource	40	static
/Users/pranayo/UBCFomulaElectric/Consolidated-Firmware/build_fw_dev/_deps/segger_systemview-src/SEGGER/SEGGER_SYSVIEW.c:2547:6:SEGGER_SYSVIEW_RegisterData	192	static
/Users/pranayo/UBCFomulaElectric/Consolidated-Firmware/build_fw_dev/_deps/segger_systemview-src/SEGGER/SEGGER_SYSVIEW.c:2619:6:SEGGER_SYSVIEW_HeapDefine	80	static
/Users/pranayo/UBCFomulaElectric/Consolidated-Firmware/build_fw_dev/_deps/segger_systemview-src/SEGGER/SEGGER_SYSVIEW.c:2668:6:SEGGER_SYSVIEW_HeapAlloc	72	static
/Users/pranayo/UBCFomulaElectric/Consolidated-Firmware/build_fw_dev/_deps/segger_systemview-src/SEGGER/SEGGER_SYSVIEW.c:2720:6:SEGGER_SYSVIEW_HeapAllocEx	80	static
/Users/pranayo/UBCFomulaElectric/Consolidated-Firmware/build_fw_dev/_deps/segger_systemview-src/SEGGER/SEGGER_SYSVIEW.c:2750:6:SEGGER_SYSVIEW_HeapFree	56	static
/Users/pranayo/UBCFomulaElectric/Consolidated-Firmware/build_fw_dev/_deps/segger_systemview-src/SEGGER/SEGGER_SYSVIEW.c:2780:5:SEGGER_SYSVIEW_SendPacket	32	static
/Users/pranayo/UBCFomulaElectric/Consolidated-Firmware/build_fw_dev/_deps/segger_systemview-src/SEGGER/SEGGER_SYSVIEW.c:2807:5:SEGGER_SYSVIEW_EncodeU32	24	static
/Users/pranayo/UBCFomulaElectric/Consolidated-Firmware/build_fw_dev/_deps/segger_systemview-src/SEGGER/SEGGER_SYSVIEW.c:2834:5:SEGGER_SYSVIEW_EncodeString	24	static
/Users/pranayo/UBCFomulaElectric/Consolidated-Firmware/build_fw_dev/_deps/segger_systemview-src/SEGGER/SEGGER_SYSVIEW.c:2860:5:SEGGER_SYSVIEW_EncodeData	24	static
/Users/pranayo/UBCFomulaElectric/Consolidated-Firmware/build_fw_dev/_deps/segger_systemview-src/SEGGER/SEGGER_SYSVIEW.c:2888:5:SEGGER_SYSVIEW_EncodeId	24	static
/Users/pranayo/UBCFomulaElectric/Consolidated-Firmware/build_fw_dev/_deps/segger_systemview-src/SEGGER/SEGGER_SYSVIEW.c:2916:5:SEGGER_SYSVIEW_ShrinkId	16	static
/Users/pranayo/UBCFomulaElectric/Consolidated-Firmware/build_fw_dev/_deps/segger_systemview-src/SEGGER/SEGGER_SYSVIEW.c:2938:6:SEGGER_SYSVIEW_RegisterModule	24	static
/Users/pranayo/UBCFomulaElectric/Consolidated-Firmware/build_fw_dev/_deps/segger_systemview-src/SEGGER/SEGGER_SYSVIEW.c:2976:6:SEGGER_SYSVIEW_RecordModuleDescription	56	static
/Users/pranayo/UBCFomulaElectric/Consolidated-Firmware/build_fw_dev/_deps/segger_systemview-src/SEGGER/SEGGER_SYSVIEW.c:3017:6:SEGGER_SYSVIEW_SendModule	56	static
/Users/pranayo/UBCFomulaElectric/Consolidated-Firmware/build_fw_dev/_deps/segger_systemview-src/SEGGER/SEGGER_SYSVIEW.c:3059:6:SEGGER_SYSVIEW_SendModuleDescription	16	static
/Users/pranayo/UBCFomulaElectric/Consolidated-Firmware/build_fw_dev/_deps/segger_systemview-src/SEGGER/SEGGER_SYSVIEW.c:3080:6:SEGGER_SYSVIEW_SendNumModules	32	static
/Users/pranayo/UBCFomulaElectric/Consolidated-Firmware/build_fw_dev/_deps/segger_systemview-src/SEGGER/SEGGER_SYSVIEW.c:3107:6:SEGGER_SYSVIEW_PrintfHostEx	28	static
/Users/pranayo/UBCFomulaElectric/Consolidated-Firmware/build_fw_dev/_deps/segger_systemview-src/SEGGER/SEGGER_SYSVIEW.c:3144:6:SEGGER_SYSVIEW_VPrintfHostEx	24	static
/Users/pranayo/UBCFomulaElectric/Consolidated-Firmware/build_fw_dev/_deps/segger_systemview-src/SEGGER/SEGGER_SYSVIEW.c:3174:6:SEGGER_SYSVIEW_PrintfHost	16	static
/Users/pranayo/UBCFomulaElectric/Consolidated-Firmware/build_fw_dev/_deps/segger_systemview-src/SEGGER/SEGGER_SYSVIEW.c:3209:6:SEGGER_SYSVIEW_VPrintfHost	16	static
/Users/pranayo/UBCFomulaElectric/Consolidated-Firmware/build_fw_dev/_deps/segger_systemview-src/SEGGER/SEGGER_SYSVIEW.c:3240:6:SEGGER_SYSVIEW_WarnfHost	16	static
/Users/pranayo/UBCFomulaElectric/Consolidated-Firmware/build_fw_dev/_deps/segger_systemview-src/SEGGER/SEGGER_SYSVIEW.c:3276:6:SEGGER_SYSVIEW_VWarnfHost	16	static
/Users/pranayo/UBCFomulaElectric/Consolidated-Firmware/build_fw_dev/_deps/segger_systemview-src/SEGGER/SEGGER_SYSVIEW.c:3307:6:SEGGER_SYSVIEW_ErrorfHost	16	static
/Users/pranayo/UBCFomulaElectric/Consolidated-Firmware/build_fw_dev/_deps/segger_systemview-src/SEGGER/SEGGER_SYSVIEW.c:3343:6:SEGGER_SYSVIEW_VErrorfHost	16	static
/Users/pranayo/UBCFomulaElectric/Consolidated-Firmware/build_fw_dev/_deps/segger_systemview-src/SEGGER/SEGGER_SYSVIEW.c:3372:6:SEGGER_SYSVIEW_PrintfTargetEx	28	static
/Users/pranayo/UBCFomulaElectric/Consolidated-Firmware/build_fw_dev/_deps/segger_systemview-src/SEGGER/SEGGER_SYSVIEW.c:3393:6:SEGGER_SYSVIEW_VPrintfTargetEx	24	static
/Users/pranayo/UBCFomulaElectric/Consolidated-Firmware/build_fw_dev/_deps/segger_systemview-src/SEGGER/SEGGER_SYSVIEW.c:3408:6:SEGGER_SYSVIEW_PrintfTarget	16	static
/Users/pranayo/UBCFomulaElectric/Consolidated-Firmware/build_fw_dev/_deps/segger_systemview-src/SEGGER/SEGGER_SYSVIEW.c:3428:6:SEGGER_SYSVIEW_VPrintfTarget	16	static
/Users/pranayo/UBCFomulaElectric/Consolidated-Firmware/build_fw_dev/_deps/segger_systemview-src/SEGGER/SEGGER_SYSVIEW.c:3443:6:SEGGER_SYSVIEW_WarnfTarget	16	static
/Users/pranayo/UBCFomulaElectric/Consolidated-Firmware/build_fw_dev/_deps/segger_systemview-src/SEGGER/SEGGER_SYSVIEW.c:3463:6:SEGGER_SYSVIEW_VWarnfTarget	16	static
/Users/pranayo/UBCFomulaElectric/Consolidated-Firmware/build_fw_dev/_deps/segger_systemview-src/SEGGER/SEGGER_SYSVIEW.c:3478:6:SEGGER_SYSVIEW_ErrorfTarget	16	static
/Users/pranayo/UBCFomulaElectric/Consolidated-Firmware/build_fw_dev/_deps/segger_systemview-src/SEGGER/SEGGER_SYSVIEW.c:3498:6:SEGGER_SYSVIEW_VErrorfTarget	16	static
/Users/pranayo/UBCFomulaElectric/Consolidated-Firmware/build_fw_dev/_deps/segger_systemview-src/SEGGER/SEGGER_SYSVIEW.c:3513:6:SEGGER_SYSVIEW_Print	48	static
/Users/pranayo/UBCFomulaElectric/Consolidated-Firmware/build_fw_dev/_deps/segger_systemview-src/SEGGER/SEGGER_SYSVIEW.c:3535:6:SEGGER_SYSVIEW_Warn	48	static
/Users/pranayo/UBCFomulaElectric/Consolidated-Firmware/build_fw_dev/_deps/segger_systemview-src/SEGGER/SEGGER_SYSVIEW.c:3557:6:SEGGER_SYSVIEW_Error	48	static
/Users/pranayo/UBCFomulaElectric/Consolidated-Firmware/build_fw_dev/_deps/segger_systemview-src/SEGGER/SEGGER_SYSVIEW.c:3579:6:SEGGER_SYSVIEW_EnableEvents	16	static
/Users/pranayo/UBCFomulaElectric/Consolidated-Firmware/build_fw_dev/_deps/segger_systemview-src/SEGGER/SEGGER_SYSVIEW.c:3593:6:SEGGER_SYSVIEW_DisableEvents	16	static
/Users/pranayo/UBCFomulaElectric/Consolidated-Firmware/build_fw_dev/_deps/segger_systemview-src/SEGGER/SEGGER_SYSVIEW.c:3608:5:SEGGER_SYSVIEW_IsStarted	8	static
