/Users/pranayo/UBCFomulaElectric/Consolidated-Firmware/build_fw_dev/_deps/stm32cubef4-src/Drivers/STM32F4xx_HAL_Driver/Inc/stm32f4xx_hal_flash.h:306:19:HAL_FLASH_Program	32	static
/Users/pranayo/UBCFomulaElectric/Consolidated-Firmware/build_fw_dev/_deps/stm32cubef4-src/Drivers/STM32F4xx_HAL_Driver/Inc/stm32f4xx_hal_flash.h:307:19:HAL_FLASH_Program_IT	32	static
/Users/pranayo/UBCFomulaElectric/Consolidated-Firmware/build_fw_dev/_deps/stm32cubef4-src/Drivers/STM32F4xx_HAL_Driver/Inc/stm32f4xx_hal_flash.h:309:6:HAL_FLASH_IRQHandler	16	static
/Users/pranayo/UBCFomulaElectric/Consolidated-Firmware/build_fw_dev/_deps/stm32cubef4-src/Drivers/STM32F4xx_HAL_Driver/Inc/stm32f4xx_hal_flash.h:311:6:HAL_FLASH_EndOfOperationCallback	16	static
/Users/pranayo/UBCFomulaElectric/Consolidated-Firmware/build_fw_dev/_deps/stm32cubef4-src/Drivers/STM32F4xx_HAL_Driver/Inc/stm32f4xx_hal_flash.h:312:6:HAL_FLASH_OperationErrorCallback	16	static
/Users/pranayo/UBCFomulaElectric/Consolidated-Firmware/build_fw_dev/_deps/stm32cubef4-src/Drivers/STM32F4xx_HAL_Driver/Inc/stm32f4xx_hal_flash.h:321:19:HAL_FLASH_Unlock	16	static
/Users/pranayo/UBCFomulaElectric/Consolidated-Firmware/build_fw_dev/_deps/stm32cubef4-src/Drivers/STM32F4xx_HAL_Driver/Inc/stm32f4xx_hal_flash.h:322:19:HAL_FLASH_Lock	4	static
/Users/pranayo/UBCFomulaElectric/Consolidated-Firmware/build_fw_dev/_deps/stm32cubef4-src/Drivers/STM32F4xx_HAL_Driver/Inc/stm32f4xx_hal_flash.h:323:19:HAL_FLASH_OB_Unlock	4	static
/Users/pranayo/UBCFomulaElectric/Consolidated-Firmware/build_fw_dev/_deps/stm32cubef4-src/Drivers/STM32F4xx_HAL_Driver/Inc/stm32f4xx_hal_flash.h:324:19:HAL_FLASH_OB_Lock	4	static
/Users/pranayo/UBCFomulaElectric/Consolidated-Firmware/build_fw_dev/_deps/stm32cubef4-src/Drivers/STM32F4xx_HAL_Driver/Inc/stm32f4xx_hal_flash.h:326:19:HAL_FLASH_OB_Launch	8	static
/Users/pranayo/UBCFomulaElectric/Consolidated-Firmware/build_fw_dev/_deps/stm32cubef4-src/Drivers/STM32F4xx_HAL_Driver/Inc/stm32f4xx_hal_flash.h:335:10:HAL_FLASH_GetError	4	static
/Users/pranayo/UBCFomulaElectric/Consolidated-Firmware/build_fw_dev/_deps/stm32cubef4-src/Drivers/STM32F4xx_HAL_Driver/Inc/stm32f4xx_hal_flash.h:336:19:FLASH_WaitForLastOperation	24	static
/Users/pranayo/UBCFomulaElectric/Consolidated-Firmware/build_fw_dev/_deps/stm32cubef4-src/Drivers/STM32F4xx_HAL_Driver/Src/stm32f4xx_hal_flash.c:610:13:FLASH_Program_DoubleWord	24	static
/Users/pranayo/UBCFomulaElectric/Consolidated-Firmware/build_fw_dev/_deps/stm32cubef4-src/Drivers/STM32F4xx_HAL_Driver/Src/stm32f4xx_hal_flash.c:644:13:FLASH_Program_Word	16	static
/Users/pranayo/UBCFomulaElectric/Consolidated-Firmware/build_fw_dev/_deps/stm32cubef4-src/Drivers/STM32F4xx_HAL_Driver/Src/stm32f4xx_hal_flash.c:669:13:FLASH_Program_HalfWord	16	static
/Users/pranayo/UBCFomulaElectric/Consolidated-Firmware/build_fw_dev/_deps/stm32cubef4-src/Drivers/STM32F4xx_HAL_Driver/Src/stm32f4xx_hal_flash.c:694:13:FLASH_Program_Byte	16	static
/Users/pranayo/UBCFomulaElectric/Consolidated-Firmware/build_fw_dev/_deps/stm32cubef4-src/Drivers/STM32F4xx_HAL_Driver/Src/stm32f4xx_hal_flash.c:711:13:FLASH_SetErrorCode	4	static
