/Users/pranayo/UBCFomulaElectric/Consolidated-Firmware/build_fw_dev/_deps/stm32cubef4-src/Drivers/CMSIS/Include/core_cm4.h:1657:22:__NVIC_SetPriorityGrouping	24	static
/Users/pranayo/UBCFomulaElectric/Consolidated-Firmware/build_fw_dev/_deps/stm32cubef4-src/Drivers/CMSIS/Include/core_cm4.h:1676:26:__NVIC_GetPriorityGrouping	4	static
/Users/pranayo/UBCFomulaElectric/Consolidated-Firmware/build_fw_dev/_deps/stm32cubef4-src/Drivers/CMSIS/Include/core_cm4.h:1688:22:__NVIC_EnableIRQ	16	static
/Users/pranayo/UBCFomulaElectric/Consolidated-Firmware/build_fw_dev/_deps/stm32cubef4-src/Drivers/CMSIS/Include/core_cm4.h:1724:22:__NVIC_DisableIRQ	16	static
/Users/pranayo/UBCFomulaElectric/Consolidated-Firmware/build_fw_dev/_deps/stm32cubef4-src/Drivers/CMSIS/Include/core_cm4.h:1743:26:__NVIC_GetPendingIRQ	16	static
/Users/pranayo/UBCFomulaElectric/Consolidated-Firmware/build_fw_dev/_deps/stm32cubef4-src/Drivers/CMSIS/Include/core_cm4.h:1762:22:__NVIC_SetPendingIRQ	16	static
/Users/pranayo/UBCFomulaElectric/Consolidated-Firmware/build_fw_dev/_deps/stm32cubef4-src/Drivers/CMSIS/Include/core_cm4.h:1777:22:__NVIC_ClearPendingIRQ	16	static
/Users/pranayo/UBCFomulaElectric/Consolidated-Firmware/build_fw_dev/_deps/stm32cubef4-src/Drivers/CMSIS/Include/core_cm4.h:1794:26:__NVIC_GetActive	16	static
/Users/pranayo/UBCFomulaElectric/Consolidated-Firmware/build_fw_dev/_deps/stm32cubef4-src/Drivers/CMSIS/Include/core_cm4.h:1816:22:__NVIC_SetPriority	16	static
/Users/pranayo/UBCFomulaElectric/Consolidated-Firmware/build_fw_dev/_deps/stm32cubef4-src/Drivers/CMSIS/Include/core_cm4.h:1838:26:__NVIC_GetPriority	16	static
/Users/pranayo/UBCFomulaElectric/Consolidated-Firmware/build_fw_dev/_deps/stm32cubef4-src/Drivers/CMSIS/Include/core_cm4.h:1863:26:NVIC_EncodePriority	40	static
/Users/pranayo/UBCFomulaElectric/Consolidated-Firmware/build_fw_dev/_deps/stm32cubef4-src/Drivers/CMSIS/Include/core_cm4.h:1890:22:NVIC_DecodePriority	40	static
/Users/pranayo/UBCFomulaElectric/Consolidated-Firmware/build_fw_dev/_deps/stm32cubef4-src/Drivers/CMSIS/Include/core_cm4.h:1939:34:__NVIC_SystemReset	4	static
/Users/pranayo/UBCFomulaElectric/Consolidated-Firmware/build_fw_dev/_deps/stm32cubef4-src/Drivers/CMSIS/Include/core_cm4.h:2022:26:SysTick_Config	16	static
/Users/pranayo/UBCFomulaElectric/Consolidated-Firmware/build_fw_dev/_deps/stm32cubef4-src/Drivers/STM32F4xx_HAL_Driver/Inc/stm32f4xx_hal_cortex.h:260:6:HAL_NVIC_SetPriorityGrouping	16	static
/Users/pranayo/UBCFomulaElectric/Consolidated-Firmware/build_fw_dev/_deps/stm32cubef4-src/Drivers/STM32F4xx_HAL_Driver/Inc/stm32f4xx_hal_cortex.h:261:6:HAL_NVIC_SetPriority	32	static
/Users/pranayo/UBCFomulaElectric/Consolidated-Firmware/build_fw_dev/_deps/stm32cubef4-src/Drivers/STM32F4xx_HAL_Driver/Inc/stm32f4xx_hal_cortex.h:262:6:HAL_NVIC_EnableIRQ	16	static
/Users/pranayo/UBCFomulaElectric/Consolidated-Firmware/build_fw_dev/_deps/stm32cubef4-src/Drivers/STM32F4xx_HAL_Driver/Inc/stm32f4xx_hal_cortex.h:263:6:HAL_NVIC_DisableIRQ	16	static
/Users/pranayo/UBCFomulaElectric/Consolidated-Firmware/build_fw_dev/_deps/stm32cubef4-src/Drivers/STM32F4xx_HAL_Driver/Inc/stm32f4xx_hal_cortex.h:264:6:HAL_NVIC_SystemReset	8	static
/Users/pranayo/UBCFomulaElectric/Consolidated-Firmware/build_fw_dev/_deps/stm32cubef4-src/Drivers/STM32F4xx_HAL_Driver/Inc/stm32f4xx_hal_cortex.h:265:10:HAL_SYSTICK_Config	16	static
/Users/pranayo/UBCFomulaElectric/Consolidated-Firmware/build_fw_dev/_deps/stm32cubef4-src/Drivers/STM32F4xx_HAL_Driver/Inc/stm32f4xx_hal_cortex.h:286:6:HAL_MPU_Disable	4	static
/Users/pranayo/UBCFomulaElectric/Consolidated-Firmware/build_fw_dev/_deps/stm32cubef4-src/Drivers/STM32F4xx_HAL_Driver/Inc/stm32f4xx_hal_cortex.h:285:6:HAL_MPU_Enable	16	static
/Users/pranayo/UBCFomulaElectric/Consolidated-Firmware/build_fw_dev/_deps/stm32cubef4-src/Drivers/STM32F4xx_HAL_Driver/Inc/stm32f4xx_hal_cortex.h:287:6:HAL_MPU_ConfigRegion	16	static
/Users/pranayo/UBCFomulaElectric/Consolidated-Firmware/build_fw_dev/_deps/stm32cubef4-src/Drivers/STM32F4xx_HAL_Driver/Inc/stm32f4xx_hal_cortex.h:274:10:HAL_NVIC_GetPriorityGrouping	8	static
/Users/pranayo/UBCFomulaElectric/Consolidated-Firmware/build_fw_dev/_deps/stm32cubef4-src/Drivers/STM32F4xx_HAL_Driver/Inc/stm32f4xx_hal_cortex.h:275:6:HAL_NVIC_GetPriority	24	static
/Users/pranayo/UBCFomulaElectric/Consolidated-Firmware/build_fw_dev/_deps/stm32cubef4-src/Drivers/STM32F4xx_HAL_Driver/Inc/stm32f4xx_hal_cortex.h:277:6:HAL_NVIC_SetPendingIRQ	16	static
/Users/pranayo/UBCFomulaElectric/Consolidated-Firmware/build_fw_dev/_deps/stm32cubef4-src/Drivers/STM32F4xx_HAL_Driver/Inc/stm32f4xx_hal_cortex.h:276:10:HAL_NVIC_GetPendingIRQ	16	static
/Users/pranayo/UBCFomulaElectric/Consolidated-Firmware/build_fw_dev/_deps/stm32cubef4-src/Drivers/STM32F4xx_HAL_Driver/Inc/stm32f4xx_hal_cortex.h:278:6:HAL_NVIC_ClearPendingIRQ	16	static
/Users/pranayo/UBCFomulaElectric/Consolidated-Firmware/build_fw_dev/_deps/stm32cubef4-src/Drivers/STM32F4xx_HAL_Driver/Inc/stm32f4xx_hal_cortex.h:279:10:HAL_NVIC_GetActive	16	static
/Users/pranayo/UBCFomulaElectric/Consolidated-Firmware/build_fw_dev/_deps/stm32cubef4-src/Drivers/STM32F4xx_HAL_Driver/Inc/stm32f4xx_hal_cortex.h:280:6:HAL_SYSTICK_CLKSourceConfig	16	static
/Users/pranayo/UBCFomulaElectric/Consolidated-Firmware/build_fw_dev/_deps/stm32cubef4-src/Drivers/STM32F4xx_HAL_Driver/Inc/stm32f4xx_hal_cortex.h:281:6:HAL_SYSTICK_IRQHandler	8	static
/Users/pranayo/UBCFomulaElectric/Consolidated-Firmware/build_fw_dev/_deps/stm32cubef4-src/Drivers/STM32F4xx_HAL_Driver/Inc/stm32f4xx_hal_cortex.h:282:6:HAL_SYSTICK_Callback	4	static
