/Users/pranayo/UBCFomulaElectric/Consolidated-Firmware/build_fw_dev/firmware/quintuna/RSM/app/app_canRx.c:37:6:app_canRx_init	8	static
/Users/pranayo/UBCFomulaElectric/Consolidated-Firmware/build_fw_dev/firmware/quintuna/RSM/app/app_canRx.c:57:6:app_canRx_BMS_Fault_DummyFault_update	16	static
/Users/pranayo/UBCFomulaElectric/Consolidated-Firmware/build_fw_dev/firmware/quintuna/RSM/app/app_canRx.c:62:6:app_canRx_FSM_Fault_DummyFault_update	16	static
/Users/pranayo/UBCFomulaElectric/Consolidated-Firmware/build_fw_dev/firmware/quintuna/RSM/app/app_canRx.c:67:6:app_canRx_CRIT_Warning_StackWaterMarkHighTask1Hz_update	16	static
/Users/pranayo/UBCFomulaElectric/Consolidated-Firmware/build_fw_dev/firmware/quintuna/RSM/app/app_canRx.c:72:6:app_canRx_CRIT_Warning_StackWaterMarkHighTask100Hz_update	16	static
/Users/pranayo/UBCFomulaElectric/Consolidated-Firmware/build_fw_dev/firmware/quintuna/RSM/app/app_canRx.c:77:6:app_canRx_CRIT_Warning_StackWaterMarkHighTask1kHz_update	16	static
/Users/pranayo/UBCFomulaElectric/Consolidated-Firmware/build_fw_dev/firmware/quintuna/RSM/app/app_canRx.c:82:6:app_canRx_CRIT_Warning_StackWaterMarkHighTaskCanRx_update	16	static
/Users/pranayo/UBCFomulaElectric/Consolidated-Firmware/build_fw_dev/firmware/quintuna/RSM/app/app_canRx.c:87:6:app_canRx_CRIT_Warning_StackWaterMarkHighTaskCanTx_update	16	static
/Users/pranayo/UBCFomulaElectric/Consolidated-Firmware/build_fw_dev/firmware/quintuna/RSM/app/app_canRx.c:92:6:app_canRx_CRIT_Warning_WatchdogTimeout_update	16	static
/Users/pranayo/UBCFomulaElectric/Consolidated-Firmware/build_fw_dev/firmware/quintuna/RSM/app/app_canRx.c:97:6:app_canRx_CRIT_Warning_TxOverflow_update	16	static
/Users/pranayo/UBCFomulaElectric/Consolidated-Firmware/build_fw_dev/firmware/quintuna/RSM/app/app_canRx.c:102:6:app_canRx_CRIT_Warning_RxOverflow_update	16	static
/Users/pranayo/UBCFomulaElectric/Consolidated-Firmware/build_fw_dev/firmware/quintuna/RSM/app/app_canRx.c:107:6:app_canRx_CRIT_Fault_MissingBMSHeartbeat_update	16	static
/Users/pranayo/UBCFomulaElectric/Consolidated-Firmware/build_fw_dev/firmware/quintuna/RSM/app/app_canRx.c:112:6:app_canRx_CRIT_Fault_MissingFSMHeartbeat_update	16	static
/Users/pranayo/UBCFomulaElectric/Consolidated-Firmware/build_fw_dev/firmware/quintuna/RSM/app/app_canRx.c:117:6:app_canRx_CRIT_Fault_MissingVCHeartbeat_update	16	static
/Users/pranayo/UBCFomulaElectric/Consolidated-Firmware/build_fw_dev/firmware/quintuna/RSM/app/app_canRx.c:122:6:app_canRx_CRIT_Fault_MissingRSMHeartbeat_update	16	static
/Users/pranayo/UBCFomulaElectric/Consolidated-Firmware/build_fw_dev/firmware/quintuna/RSM/app/app_canRx.c:127:6:app_canRx_VC_Fault_DummyFault_update	16	static
/Users/pranayo/UBCFomulaElectric/Consolidated-Firmware/build_fw_dev/firmware/quintuna/RSM/app/app_canRx.c:132:6:app_canRx_BMS_Fault_DummyFault_get	4	static
/Users/pranayo/UBCFomulaElectric/Consolidated-Firmware/build_fw_dev/firmware/quintuna/RSM/app/app_canRx.c:137:6:app_canRx_FSM_Fault_DummyFault_get	4	static
/Users/pranayo/UBCFomulaElectric/Consolidated-Firmware/build_fw_dev/firmware/quintuna/RSM/app/app_canRx.c:142:6:app_canRx_CRIT_Warning_StackWaterMarkHighTask1Hz_get	4	static
/Users/pranayo/UBCFomulaElectric/Consolidated-Firmware/build_fw_dev/firmware/quintuna/RSM/app/app_canRx.c:147:6:app_canRx_CRIT_Warning_StackWaterMarkHighTask100Hz_get	4	static
/Users/pranayo/UBCFomulaElectric/Consolidated-Firmware/build_fw_dev/firmware/quintuna/RSM/app/app_canRx.c:152:6:app_canRx_CRIT_Warning_StackWaterMarkHighTask1kHz_get	4	static
/Users/pranayo/UBCFomulaElectric/Consolidated-Firmware/build_fw_dev/firmware/quintuna/RSM/app/app_canRx.c:157:6:app_canRx_CRIT_Warning_StackWaterMarkHighTaskCanRx_get	4	static
/Users/pranayo/UBCFomulaElectric/Consolidated-Firmware/build_fw_dev/firmware/quintuna/RSM/app/app_canRx.c:162:6:app_canRx_CRIT_Warning_StackWaterMarkHighTaskCanTx_get	4	static
/Users/pranayo/UBCFomulaElectric/Consolidated-Firmware/build_fw_dev/firmware/quintuna/RSM/app/app_canRx.c:167:6:app_canRx_CRIT_Warning_WatchdogTimeout_get	4	static
/Users/pranayo/UBCFomulaElectric/Consolidated-Firmware/build_fw_dev/firmware/quintuna/RSM/app/app_canRx.c:172:6:app_canRx_CRIT_Warning_TxOverflow_get	4	static
/Users/pranayo/UBCFomulaElectric/Consolidated-Firmware/build_fw_dev/firmware/quintuna/RSM/app/app_canRx.c:177:6:app_canRx_CRIT_Warning_RxOverflow_get	4	static
/Users/pranayo/UBCFomulaElectric/Consolidated-Firmware/build_fw_dev/firmware/quintuna/RSM/app/app_canRx.c:182:6:app_canRx_CRIT_Fault_MissingBMSHeartbeat_get	4	static
/Users/pranayo/UBCFomulaElectric/Consolidated-Firmware/build_fw_dev/firmware/quintuna/RSM/app/app_canRx.c:187:6:app_canRx_CRIT_Fault_MissingFSMHeartbeat_get	4	static
/Users/pranayo/UBCFomulaElectric/Consolidated-Firmware/build_fw_dev/firmware/quintuna/RSM/app/app_canRx.c:192:6:app_canRx_CRIT_Fault_MissingVCHeartbeat_get	4	static
/Users/pranayo/UBCFomulaElectric/Consolidated-Firmware/build_fw_dev/firmware/quintuna/RSM/app/app_canRx.c:197:6:app_canRx_CRIT_Fault_MissingRSMHeartbeat_get	4	static
/Users/pranayo/UBCFomulaElectric/Consolidated-Firmware/build_fw_dev/firmware/quintuna/RSM/app/app_canRx.c:202:6:app_canRx_VC_Fault_DummyFault_get	4	static
