/Users/pranayo/UBCFomulaElectric/Consolidated-Firmware/firmware/quintuna/RSM/src/cubemx/Src/syscalls.c:41:6:initialise_monitor_handles	4	static
/Users/pranayo/UBCFomulaElectric/Consolidated-Firmware/firmware/quintuna/RSM/src/cubemx/Src/syscalls.c:43:5:_getpid	4	static
/Users/pranayo/UBCFomulaElectric/Consolidated-Firmware/firmware/quintuna/RSM/src/cubemx/Src/syscalls.c:48:5:_kill	16	static
/Users/pranayo/UBCFomulaElectric/Consolidated-Firmware/firmware/quintuna/RSM/src/cubemx/Src/syscalls.c:56:6:_exit	16	static
/Users/pranayo/UBCFomulaElectric/Consolidated-Firmware/firmware/quintuna/RSM/src/cubemx/Src/syscalls.c:64:27:_read	32	static
/Users/pranayo/UBCFomulaElectric/Consolidated-Firmware/firmware/quintuna/RSM/src/cubemx/Src/syscalls.c:77:27:_write	32	static
/Users/pranayo/UBCFomulaElectric/Consolidated-Firmware/firmware/quintuna/RSM/src/cubemx/Src/syscalls.c:89:5:_close	16	static
/Users/pranayo/UBCFomulaElectric/Consolidated-Firmware/firmware/quintuna/RSM/src/cubemx/Src/syscalls.c:95:5:_fstat	16	static
/Users/pranayo/UBCFomulaElectric/Consolidated-Firmware/firmware/quintuna/RSM/src/cubemx/Src/syscalls.c:102:5:_isatty	16	static
/Users/pranayo/UBCFomulaElectric/Consolidated-Firmware/firmware/quintuna/RSM/src/cubemx/Src/syscalls.c:108:5:_lseek	24	static
/Users/pranayo/UBCFomulaElectric/Consolidated-Firmware/firmware/quintuna/RSM/src/cubemx/Src/syscalls.c:116:5:_open	12	static
/Users/pranayo/UBCFomulaElectric/Consolidated-Firmware/firmware/quintuna/RSM/src/cubemx/Src/syscalls.c:124:5:_wait	16	static
/Users/pranayo/UBCFomulaElectric/Consolidated-Firmware/firmware/quintuna/RSM/src/cubemx/Src/syscalls.c:131:5:_unlink	16	static
/Users/pranayo/UBCFomulaElectric/Consolidated-Firmware/firmware/quintuna/RSM/src/cubemx/Src/syscalls.c:138:5:_times	16	static
/Users/pranayo/UBCFomulaElectric/Consolidated-Firmware/firmware/quintuna/RSM/src/cubemx/Src/syscalls.c:144:5:_stat	16	static
/Users/pranayo/UBCFomulaElectric/Consolidated-Firmware/firmware/quintuna/RSM/src/cubemx/Src/syscalls.c:151:5:_link	16	static
/Users/pranayo/UBCFomulaElectric/Consolidated-Firmware/firmware/quintuna/RSM/src/cubemx/Src/syscalls.c:159:5:_fork	8	static
/Users/pranayo/UBCFomulaElectric/Consolidated-Firmware/firmware/quintuna/RSM/src/cubemx/Src/syscalls.c:165:5:_execve	24	static
