stm32f3xx_hal_flash.c:620:13:FLASH_Program_HalfWord	0	static
stm32f3xx_hal_flash.c:680:13:FLASH_SetErrorCode	0	static
stm32f3xx_hal_flash.c:256:19:HAL_FLASH_Program_IT	16	static
stm32f3xx_hal_flash.c:445:13:HAL_FLASH_EndOfOperationCallback	0	static
stm32f3xx_hal_flash.c:463:13:HAL_FLASH_OperationErrorCallback	0	static
stm32f3xx_hal_flash.c:302:6:HAL_FLASH_IRQHandler	24	static
stm32f3xx_hal_flash.c:496:19:HAL_FLASH_Unlock	0	static
stm32f3xx_hal_flash.c:520:19:HAL_FLASH_Lock	0	static
stm32f3xx_hal_flash.c:532:19:HAL_FLASH_OB_Unlock	0	static
stm32f3xx_hal_flash.c:552:19:HAL_FLASH_OB_Lock	0	static
stm32f3xx_hal_flash.c:597:10:HAL_FLASH_GetError	0	static
stm32f3xx_hal_flash.c:637:19:FLASH_WaitForLastOperation	16	static
stm32f3xx_hal_flash.c:184:19:HAL_FLASH_Program	32	static
stm32f3xx_hal_flash.c:565:19:HAL_FLASH_OB_Launch	8	static
