stm32f3xx_hal_can.c:414:13:HAL_CAN_MspInit	0	static
stm32f3xx_hal_can.c:222:19:HAL_CAN_Init	16	static
stm32f3xx_hal_can.c:430:13:HAL_CAN_MspDeInit	0	static
stm32f3xx_hal_can.c:468:19:HAL_CAN_ConfigFilter	12	static
stm32f3xx_hal_can.c:618:19:HAL_CAN_Start	16	static
stm32f3xx_hal_can.c:670:19:HAL_CAN_Stop	16	static
stm32f3xx_hal_can.c:378:19:HAL_CAN_DeInit	8	static
stm32f3xx_hal_can.c:725:19:HAL_CAN_RequestSleep	0	static
stm32f3xx_hal_can.c:756:19:HAL_CAN_WakeUp	8	static
stm32f3xx_hal_can.c:805:10:HAL_CAN_IsSleepActive	0	static
stm32f3xx_hal_can.c:836:19:HAL_CAN_AddTxMessage	12	static
stm32f3xx_hal_can.c:944:19:HAL_CAN_AbortTxRequest	0	static
stm32f3xx_hal_can.c:993:10:HAL_CAN_GetTxMailboxesFreeLevel	0	static
stm32f3xx_hal_can.c:1036:10:HAL_CAN_IsTxMessagePending	0	static
stm32f3xx_hal_can.c:1068:10:HAL_CAN_GetTxTimestamp	0	static,ignoring_inline_asm
stm32f3xx_hal_can.c:1102:19:HAL_CAN_GetRxMessage	8	static
stm32f3xx_hal_can.c:1192:10:HAL_CAN_GetRxFifoFillLevel	0	static
stm32f3xx_hal_can.c:1245:19:HAL_CAN_ActivateNotification	0	static
stm32f3xx_hal_can.c:1278:19:HAL_CAN_DeactivateNotification	0	static
stm32f3xx_hal_can.c:1655:13:HAL_CAN_TxMailbox0CompleteCallback	0	static
stm32f3xx_hal_can.c:1672:13:HAL_CAN_TxMailbox1CompleteCallback	0	static
stm32f3xx_hal_can.c:1689:13:HAL_CAN_TxMailbox2CompleteCallback	0	static
stm32f3xx_hal_can.c:1706:13:HAL_CAN_TxMailbox0AbortCallback	0	static
stm32f3xx_hal_can.c:1723:13:HAL_CAN_TxMailbox1AbortCallback	0	static
stm32f3xx_hal_can.c:1740:13:HAL_CAN_TxMailbox2AbortCallback	0	static
stm32f3xx_hal_can.c:1757:13:HAL_CAN_RxFifo0MsgPendingCallback	0	static
stm32f3xx_hal_can.c:1774:13:HAL_CAN_RxFifo0FullCallback	0	static
stm32f3xx_hal_can.c:1791:13:HAL_CAN_RxFifo1MsgPendingCallback	0	static
stm32f3xx_hal_can.c:1808:13:HAL_CAN_RxFifo1FullCallback	0	static
stm32f3xx_hal_can.c:1825:13:HAL_CAN_SleepCallback	0	static
stm32f3xx_hal_can.c:1841:13:HAL_CAN_WakeUpFromRxMsgCallback	0	static
stm32f3xx_hal_can.c:1858:13:HAL_CAN_ErrorCallback	0	static
stm32f3xx_hal_can.c:1309:6:HAL_CAN_IRQHandler	40	static
stm32f3xx_hal_can.c:1895:22:HAL_CAN_GetState	0	static
stm32f3xx_hal_can.c:1930:10:HAL_CAN_GetError	0	static
stm32f3xx_hal_can.c:1942:19:HAL_CAN_ResetError	0	static
