/usr/local/arm-none-eabi/include/reent.h:153:14:_sbrk_r	24	static
/Users/pranayo/UBCFomulaElectric/Consolidated-Firmware/firmware/third_party/newlib_freertos_patch/heap_useNewLib.c:207:8:sbrk	16	static
/Users/pranayo/UBCFomulaElectric/Consolidated-Firmware/firmware/third_party/newlib_freertos_patch/heap_useNewLib.c:209:8:_sbrk	16	static
/usr/local/arm-none-eabi/include/malloc.h:136:13:__malloc_lock	32	static
/usr/local/arm-none-eabi/include/malloc.h:138:13:__malloc_unlock	16	static
/Users/pranayo/UBCFomulaElectric/Consolidated-Firmware/firmware/third_party/newlib_freertos_patch/heap_useNewLib.c:238:6:__env_lock	8	static
/Users/pranayo/UBCFomulaElectric/Consolidated-Firmware/firmware/third_party/newlib_freertos_patch/heap_useNewLib.c:239:6:__env_unlock	8	static
/Users/pranayo/UBCFomulaElectric/Consolidated-Firmware/firmware/third_party/newlib_freertos_patch/heap_useNewLib.c:248:7:__wrap_malloc	24	static
/Users/pranayo/UBCFomulaElectric/Consolidated-Firmware/firmware/third_party/newlib_freertos_patch/heap_useNewLib.c:257:7:__wrap__malloc_r	24	static
/Users/pranayo/UBCFomulaElectric/Consolidated-Firmware/build_fw_dev/_deps/stm32cubef4-src/Middlewares/Third_Party/FreeRTOS/Source/include/portable.h:163:7:pvPortMalloc	24	static
/Users/pranayo/UBCFomulaElectric/Consolidated-Firmware/build_fw_dev/_deps/stm32cubef4-src/Middlewares/Third_Party/FreeRTOS/Source/include/portable.h:164:6:vPortFree	16	static
/Users/pranayo/UBCFomulaElectric/Consolidated-Firmware/build_fw_dev/_deps/stm32cubef4-src/Middlewares/Third_Party/FreeRTOS/Source/include/portable.h:166:8:xPortGetFreeHeapSize	48	static
/Users/pranayo/UBCFomulaElectric/Consolidated-Firmware/build_fw_dev/_deps/stm32cubef4-src/Middlewares/Third_Party/FreeRTOS/Source/include/portable.h:165:6:vPortInitialiseBlocks	4	static
