syscalls.c:72:6:initialise_monitor_handles	0	static
syscalls.c:74:5:_getpid	0	static
syscalls.c:79:5:_kill	8	static
syscalls.c:85:6:_exit	8	static
syscalls.c:93:27:_read	16	static
syscalls.c:105:27:_write	16	static
syscalls.c:116:9:_sbrk	8	static
syscalls.c:139:5:_close	0	static
syscalls.c:144:5:_fstat	0	static
syscalls.c:150:5:_isatty	0	static
syscalls.c:155:5:_lseek	0	static
syscalls.c:160:5:_open	0	static
syscalls.c:166:5:_wait	8	static
syscalls.c:172:5:_unlink	8	static
syscalls.c:178:5:_times	0	static
syscalls.c:183:5:_stat	0	static
syscalls.c:189:5:_link	8	static
syscalls.c:195:5:_fork	8	static
syscalls.c:201:5:_execve	8	static
